******************************************************************************
          TMS320C6x COFF Linker PC v6.0.8                      
******************************************************************************
>> Linked Tue Sep 28 13:53:19 2021

OUTPUT FILE NAME:   <./Debug/dec6437_test.out>
ENTRY POINT SYMBOL: "_c_int00"  address: 8411a000


MEMORY CONFIGURATION

         name            origin    length      used     unused   attr    fill
----------------------  --------  ---------  --------  --------  ----  --------
  BootLoader            10800000   00000800  000003c0  00000440  RWIX
  CACHE_L2              10800800   00020000  00000000  00020000  RWIX
  CACHE_L1P             10e08000   00008000  00000000  00008000  RWIX
  L1DSRAM               10f04000   00010000  00010000  00000000  RWIX
  CACHE_L1D             10f14000   00004000  00000000  00004000  RWIX
  SRAM                  42000000   00200000  00000000  00200000  RWIX
  DDR2                  80000000   08000000  0411ba4c  03ee45b4  RWIX


SECTION ALLOCATION MAP

 output                                  attributes/
section   page    origin      length       input sections
--------  ----  ----------  ----------   ----------------
.data      0    80000000    00000000     UNINITIALIZED

.dsm       0    80000000    00000000     UNINITIALIZED

.hwi       0    80000000    00000000     UNINITIALIZED

.sysdata   0    80000000    00000000     UNINITIALIZED

.sysregs   0    80000000    00000000     UNINITIALIZED

.udev      0    80000000    00000000     UNINITIALIZED

frt        0    80000000    00000000     UNINITIALIZED

.DDR2$heap 
*          0    80000000    04000000     UNINITIALIZED

.far       0    84000000    000832da     UNINITIALIZED
                  84000000    00051000     os.lib : pbm.o64P (.far:NDK_PACKETMEM)
                  84051000    000188b0     audio_video_encdec_x64P.o64P (.far)
                  840698b0    0000c1dc     os.lib : mem.o64P (.far:NDK_MMBUFFER)
                  84075a8c    00000068     stack.lib : ip.o64P (.far)
                  84075af4    0000000c     bios.a64P : hwi_disp.o64P (.far)
                  84075b00    0000428e     speech_test.obj (.far)
                  84079d90    00002180     edma3_drv_bios.lib : edma3.obj (.far)
                  8407bf10    00001a30     mcasp_bios_drv.lib : ddc_mcasp.obj (.far)
                  8407d940    00001478     mcbsp_bios_drv.lib : ddc_mcbsp.obj (.far)
                  8407edb8    00000ee8     edma3_rm_bios.lib : edma3resmgr.obj (.far)
                  8407fca0    0000005c     bios.a64P : tsk.o64P (.far)
                  8407fcfc    00000004     rts64plus.lib : fopen.obj (.far)
                  8407fd00    00000910     audio_bios_drv.lib : psp_audio.obj (.far)
                  84080610    00000600     os.lib : ossys.o64P (.far:NDK_OBJMEM)
                  84080c10    00000578     edma3_drv_bios.lib : edma3cfg.obj (.far)
                  84081188    000004b8     vpbe_bios_drv.lib : ddc_vpbe.obj (.far)
                  84081640    00000270     nettool.lib : daemon.o64P (.far)
                  840818b0    0000024c     prev_bios_drv.lib : ddc_previewer.obj (.far)
                  84081afc    00000004     bios.a64P : mem_defi.o64P (.far)
                  84081b00    00000194     rts64plus.lib : defs.obj (.far)
                  84081c94    0000014c     vpfe_bios_drv.lib : ddc_vpfe.obj (.far)
                  84081de0    00000140     netctrl.lib : netsrv.o64P (.far)
                  84081f20    0000013c     i2c_bios_drv.lib : dda_i2cIom.obj (.far)
                  8408205c    00000004     biosDM420.a64P : clk_data.o64P (.far)
                  84082060    00000124     hal_eth_dm64lc.lib : llpacket.obj (.far)
                  84082184    00000004     biosDM420.a64P : bcache_wait.o64P (.far)
                  84082188    00000110     stack.lib : igmp.o64P (.far)
                  84082298    00000100     vpbe_bios_drv.lib : dda_vpbeIom.obj (.far)
                  84082398    000000f0     dman3Cfg.a64P : dman3_initImpl.o64P (.far)
                  84082488    000000e0     mcasp_bios_drv.lib : dda_mcasp_bios.obj (.far)
                  84082568    000000d8     bios.a64P : knl.o64P (.far)
                  84082640    000000d0     rts64plus.lib : trgdrv.obj (.far)
                  84082710    000000d0     stack.lib : exec.o64P (.far)
                  840827e0    000000cc     rts64plus.lib : lowlev.obj (.far)
                  840828ac    00000004     osal_bios.a64P : Trace.o64P (.far)
                  840828b0    000000c8     i2c_bios_drv.lib : ddc_i2c.obj (.far)
                  84082978    000000c4     stack.lib : tcp.o64P (.far)
                  84082a3c    00000004     gt.a64P : CBuf.o64P (.far)
                  84082a40    000000b8     mcbsp_bios_drv.lib : dda_mcbsp_bios.obj (.far)
                  84082af8    0000009c     stack.lib : icmp.o64P (.far)
                  84082b94    00000004     acpy3.a64P : acpy3_init.o64P (.far)
                  84082b98    00000090     rts64plus.lib : exit.obj (.far)
                  84082c28    0000007c     os.lib : mem.o64P (.far)
                  84082ca8    00000074     vpfe_bios_drv.lib : dda_vpfeIom.obj (.far)
                  84082d20    00000054     bios.a64P : obj_init.o64P (.far)
                  84082d78    00000050     hal_eth_dm64lc.lib : dm64lc.obj (.far)
                  84082dc8    0000004d     nettool.lib : dhcptags.o64P (.far)
                  84082e18    00000044     helloWorld2.obj (.far)
                  84082e60    00000040     nettool.lib : httpsend.o64P (.far)
                  84082ea0    00000040     stack.lib : if.o64P (.far)
                  84082ee0    00000040               : md5.o64P (.far)
                  84082f20    0000003c     bios.a64P : sys_stri.o64P (.far)
                  84082f60    0000003c     uart485.obj (.far)
                  84082fa0    00000034     stack.lib : tcptime.o64P (.far)
                  84082fd8    00000034               : rtc.o64P (.far)
                  84083010    00000034     hal_eth_dm64lc.lib : dm64lc_mdio.obj (.far)
                  84083044    00000034     osal_bios.a64P : GT_config_BIOS.o64P (.far)
                  84083078    00000030     stack.lib : udp.o64P (.far)
                  840830a8    00000028     bios.a64P : tsk_stup.o64P (.far)
                  840830d0    00000024     os.lib : ossys.o64P (.far)
                  840830f8    00000020     bios.a64P : sys.o64P (.far)
                  84083118    00000020     edma3_drv_sample.lib : bios_edma3_sample_cfg.obj (.far)
                  84083138    00000020                          : bios_edma3_sample_init.obj (.far)
                  84083158    00000020     evmdm6437init2.obj (.far)
                  84083178    0000001c     video_bios_drv.lib : tvp5146_extDecoder.obj (.far)
                  84083194    0000001c     audio_params.obj (.far)
                  840831b0    00000018     rtdx64xplus.lib : rtdx_mon.o64P (.far)
                  840831c8    00000018     i2c_params2.obj (.far)
                  840831e0    00000018     video_test.obj (.far)
                  840831f8    00000014     stack.lib : sockpcb.o64P (.far)
                  8408320c    00000010     bios.a64P : knl_tick.o64P (.far)
                  8408321c    00000010               : exc.o64P (.far)
                  8408322c    00000010               : tsk_setp.o64P (.far)
                  8408323c    00000010     netctrl.lib : netctrl.o64P (.far)
                  8408324c    00000010     stack.lib : raw.o64P (.far)
                  8408325c    0000000c     bios.a64P : utl_putc.o64P (.far)
                  84083268    0000000c     prev_bios_drv.lib : dda_previewer.obj (.far)
                  84083274    0000000c     os.lib : pbm.o64P (.far)
                  84083280    0000000b     stack.lib : tcpout.o64P (.far)
                  8408328c    00000008     rts64plus.lib : _lock.obj (.far)
                  84083294    00000008     bios.a64P : sem_crea.o64P (.far)
                  8408329c    00000008               : gio.o64P (.far)
                  840832a4    00000008               : ecm_dispatch.o64P (.far)
                  840832ac    00000008     SEED_DEC6437Bsl.lib : dm6437_uart.obj (.far)
                  840832b8    00000008     dskt2.a64P : dskt2_scratch.o64P (.far)
                  840832c0    00000006     stack.lib : lliout.o64P (.far)
                  840832c8    00000006               : pppoe.o64P (.far)
                  840832d0    00000004     bios.a64P : dev_init.o64P (.far)
                  840832d8    00000002     main.obj (.far)

.mem       0    840832dc    00000004     UNINITIALIZED
                  840832dc    00000004     audio_video_encdec_x64Pcfg.o64P (.mem)

.text      0    840832e0    0005a580     
                  840832e0    00006780     mcasp_bios_drv.lib : ddc_mcasp.obj (.text)
                  84089a60    00005380     edma3_drv_bios.lib : edma3.obj (.text)
                  8408ede0    00004680     mcbsp_bios_drv.lib : ddc_mcbsp.obj (.text)
                  84093460    00003da0     edma3_rm_bios.lib : edma3resmgr.obj (.text)
                  84097200    00003060     prev_bios_drv.lib : llc_previewer.obj (.text)
                  8409a260    00002ec0     mcasp_bios_drv.lib : llc_mcasp.obj (.text)
                  8409d120    00002b80     prev_bios_drv.lib : ddc_previewer.obj (.text)
                  8409fca0    00002540     dskt2.a64P : dskt2_scratch.o64P (.text)
                  840a21e0    00002420     vpbe_bios_drv.lib : llc_vpbeOsd.obj (.text)
                  840a4600    00002040     video_test.obj (.text)
                  840a6640    00001e40     vpbe_bios_drv.lib : ddc_vpbe.obj (.text)
                  840a8480    00001be0     hal_eth_dm64lc.lib : dm64lc.obj (.text)
                  840aa060    000019e0     vpfe_bios_drv.lib : llc_vpfeCcdc.obj (.text)
                  840aba40    000019c0     i2c_bios_drv.lib : ddc_i2c.obj (.text)
                  840ad400    00001900     stack.lib : sock.o64P (.text)
                  840aed00    00001720     hal_eth_dm64lc.lib : dm64lc_mdio.obj (.text)
                  840b0420    00001580     vpfe_bios_drv.lib : ddc_vpfe.obj (.text)
                  840b19a0    00001400     stack.lib : pppoe.o64P (.text)
                  840b2da0    00000fe0     mcbsp_bios_drv.lib : llc_mcbsp.obj (.text)
                  840b3d80    00000f40     prev_bios_drv.lib : dda_previewer.obj (.text)
                  840b4cc0    00000f00     stack.lib : tcpin.o64P (.text)
                  840b5bc0    00000e20     nettool.lib : httpsend.o64P (.text)
                  840b69e0    00000dc0                 : config.o64P (.text)
                  840b77a0    00000c20     stack.lib : md5.o64P (.text)
                  840b83c0    00000c20               : lcp.o64P (.text)
                  840b8fe0    00000b00               : auth.o64P (.text)
                  840b9ae0    00000a60               : fileuser.o64P (.text)
                  840ba540    00000a20     audio_bios_drv.lib : psp_audio.obj (.text)
                  840baf60    000009e0     os.lib : mem.o64P (.text)
                  840bb940    00000980     vpfe_bios_drv.lib : ddc_vpfeCcdc.obj (.text)
                  840bc2c0    00000980     stack.lib : ppp.o64P (.text)
                  840bcc40    00000920               : socket.o64P (.text)
                  840bd560    00000920               : tcpout.o64P (.text)
                  840bde80    00000920     hal_eth_dm64lc.lib : llpacket.obj (.text)
                  840be7a0    000008e0     mcasp_bios_drv.lib : dda_mcasp_bios.obj (.text)
                  840bf080    000008a0     stack.lib : sockpcb.o64P (.text)
                  840bf920    00000880     vpbe_bios_drv.lib : llc_vpbeVenc.obj (.text)
                  840c01a0    00000880     nettool.lib : httpclie.o64P (.text)
                  840c0a20    00000880                 : telnetd.o64P (.text)
                  840c12a0    00000860     vpbe_bios_drv.lib : ddc_vpbeOsd.obj (.text)
                  840c1b00    00000840     mcbsp_bios_drv.lib : dda_mcbsp_bios.obj (.text)
                  840c2340    00000840     palos_bios.lib : pal_osList.obj (.text)
                  840c2b80    000007c0     i2c_bios_drv.lib : dda_i2cIom.obj (.text)
                  840c3340    000007c0     stack.lib : ipcp.o64P (.text)
                  840c3b00    00000760     vpbe_bios_drv.lib : dda_vpbeIom.obj (.text)
                  840c4260    00000760     stack.lib : igmp.o64P (.text)
                  840c49c0    00000740     vpbe_bios_drv.lib : ddc_vpbeVenc.obj (.text)
                  840c5100    00000740     stack.lib : rtable.o64P (.text)
                  840c5840    00000720     video_bios_drv.lib : tvp5146_extDecoder.obj (.text)
                  840c5f60    00000720     vpfe_bios_drv.lib : dda_vpfeIom.obj (.text)
                  840c6680    00000700     os.lib : efs.o64P (.text)
                  840c6d80    00000700     stack.lib : node.o64P (.text)
                  840c7480    000006c0     nettool.lib : dhcpsm.o64P (.text)
                  840c7b40    000006a0     dman3Cfg.a64P : rmm.o64P (.text)
                  840c81e0    00000640     SEED_DEC6437Bsl.lib : dm6437_pll.obj (.text)
                  840c8820    00000620     netctrl.lib : netsrv.o64P (.text)
                  840c8e40    00000620     stack.lib : tcpprot.o64P (.text)
                  840c9460    00000620               : ipin.o64P (.text)
                  840c9a80    000005e0               : sb.o64P (.text)
                  840ca060    000005c0     speech_test.obj (.text)
                  840ca620    000005a0     nettool.lib : daemon.o64P (.text)
                  840cabc0    00000580     stack.lib : ipout.o64P (.text)
                  840cb140    00000540               : udp.o64P (.text)
                  840cb680    00000520     vpbe_bios_drv.lib : dda_vpbe.obj (.text)
                  840cbba0    00000520     vpfe_bios_drv.lib : dda_vpfe.obj (.text)
                  840cc0c0    000004e0     helloWorld2.obj (.text)
                  840cc5a0    000004e0     netctrl.lib : netctrl.o64P (.text)
                  840cca80    000004a0     SEED_DEC6437Bsl.lib : dm6437.obj (.text)
                  840ccf20    00000480     main.obj (.text)
                  840cd3a0    00000460     stack.lib : ipfrag.o64P (.text)
                  840cd800    00000460               : sockint.o64P (.text)
                  840cdc60    00000440               : route.o64P (.text)
                  840ce0a0    00000440               : icmpin.o64P (.text)
                  840ce4e0    00000440               : pipe.o64P (.text)
                  840ce920    00000420               : tcptime.o64P (.text)
                  840ced40    00000420     rts64plus.lib : _printfi.obj (.text:__setfield)
                  840cf160    000003e0     stack.lib : lli.o64P (.text)
                  840cf540    000003e0               : bind.o64P (.text)
                  840cf920    000003a0     audio_bios_drv.lib : psp_aic23Codec.obj (.text)
                  840cfcc0    000003a0     dskt2.a64P : dskt2_permute.o64P (.text)
                  840d0060    00000380     nettool.lib : ipaddr.o64P (.text)
                  840d03e0    00000380     stack.lib : ether.o64P (.text)
                  840d0760    00000360     rts64plus.lib : _printfi.obj (.text:__getarg_diouxp)
                  840d0ac0    00000360                   : _printfi.obj (.text:__printfi)
                  840d0e20    00000340     SEED_DEC6437Bsl.lib : dm6437_i2c.obj (.text)
                  840d1160    00000340     os.lib : pbm.o64P (.text)
                  840d14a0    00000340     stack.lib : file.o64P (.text)
                  840d17e0    00000340               : icmp.o64P (.text)
                  840d1b20    00000320     edma3_drv_sample.lib : bios_edma3_sample_cs.obj (.text)
                  840d1e40    00000320     SEED_DEC6437Bsl.lib : dm6437_uart.obj (.text)
                  840d2160    00000320     stack.lib : lliout.o64P (.text)
                  840d2480    00000320     dman3Cfg.a64P : dman3_initImpl.o64P (.text:DMAN3_init)
                  840d27a0    00000300     os.lib : task.o64P (.text)
                  840d2aa0    00000300     stack.lib : rtc.o64P (.text)
                  840d2da0    00000300     gt.a64P : CBuf.o64P (.text)
                  840d30a0    00000300     rts64plus.lib : _printfi.obj (.text:_ecvt)
                  840d33a0    00000300                   : _printfi.obj (.text:_fcvt)
                  840d36a0    00000300                   : fputs.obj (.text:_fputs)
                  840d39a0    000002e0     vpbe_bios_drv.lib : llc_vpbeCursor.obj (.text)
                  840d3c80    000002e0     SEED_DEC6437Bsl.lib : dm6437_psc.obj (.text)
                  840d3f60    000002e0     stack.lib : lliin.o64P (.text)
                  840d4240    000002e0     rts64plus.lib : _printfi.obj (.text:__fcpy)
                  840d4520    000002e0                   : _printfi.obj (.text:__pproc_fwp)
                  840d4800    000002c0     edma3_drv_sample.lib : bios_edma3_sample_init.obj (.text)
                  840d4ac0    000002c0     stack.lib : tcp.o64P (.text)
                  840d4d80    000002a0     palos_bios.lib : pal_osmem.obj (.text)
                  840d5020    000002a0     nettool.lib : dhcpbild.o64P (.text)
                  840d52c0    000002a0                 : dhcppkt.o64P (.text)
                  840d5560    000002a0     rts64plus.lib : _printfi.obj (.text:__pconv_e)
                  840d5800    00000280     stack.lib : if.o64P (.text)
                  840d5a80    00000280               : raw.o64P (.text)
                  840d5d00    00000240     rts64plus.lib : frcdivd.obj (.text:__frcdivd)
                  840d5f40    00000220     uart485.obj (.text)
                  840d6160    00000220     nettool.lib : inetaddr.o64P (.text)
                  840d6380    00000220     stack.lib : ip.o64P (.text)
                  840d65a0    00000220               : timer.o64P (.text)
                  840d67c0    00000220     osal_bios.a64P : GT_config_BIOS.o64P (.text)
                  840d69e0    00000220     rts64plus.lib : imath64.obj (.text:__divull)
                  840d6c00    00000220                   : _printfi.obj (.text:__pproc_diouxp)
                  840d6e20    00000220                   : _printfi.obj (.text:__pproc_str)
                  840d7040    00000200     vpbe_bios_drv.lib : ddc_vpbeCursor.obj (.text)
                  840d7240    00000200     nettool.lib : httppars.o64P (.text)
                  840d7440    00000200     stack.lib : exec.o64P (.text)
                  840d7640    00000200     rts64plus.lib : frcaddd.obj (.text:__frcaddd)
                  840d7840    000001e0     video_bios_drv.lib : psp_i2c_interface.obj (.text)
                  840d7a20    000001e0     nettool.lib : dhcpmain.o64P (.text)
                  840d7c00    000001e0     utils.a64P : Load.o64P (.text)
                  840d7de0    000001e0     rts64plus.lib : _printfi.obj (.text:__mcpy)
                  840d7fc0    000001c0     nettool.lib : dhcpsock.o64P (.text)
                  840d8180    000001c0                 : dhcptags.o64P (.text)
                  840d8340    000001c0     stack.lib : etherin.o64P (.text)
                  840d8500    000001c0     rts64plus.lib : divd.obj (.text:__divd)
                  840d86c0    000001a0     os.lib : ossys.o64P (.text)
                  840d8860    000001a0     rts64plus.lib : trgdrv.obj (.text:_HOSTrename)
                  840d8a00    000001a0                   : imath40.obj (.text:__divul)
                  840d8ba0    000001a0                   : mpyd.obj (.text:__mpyd)
                  840d8d40    000001a0                   : setvbuf.obj (.text:_setvbuf)
                  840d8ee0    00000180     i2c_bios_drv.lib : dda_i2cBios.obj (.text)
                  840d9060    00000160     rts64plus.lib : addd.obj (.text:__addd)
                  840d91c0    00000160                   : _printfi.obj (.text:__pconv_g)
                  840d9320    00000160                   : _printfi.obj (.text:__pproc_fge)
                  840d9480    00000140     palos_bios.lib : pal_oscache.obj (.text)
                  840d95c0    00000140     dman3Cfg.a64P : dman3_initImpl.o64P (.text)
                  840d9700    00000140     rts64plus.lib : divf.obj (.text:__divf)
                  840d9840    00000140                   : fputc.obj (.text:_fputc)
                  840d9980    00000120     hal_timer_bios.lib : lltimer.o64P (.text)
                  840d9aa0    00000120     rts64plus.lib : _printfi.obj (.text:__pproc_fflags)
                  840d9bc0    00000120                   : fclose.obj (.text:_fclose)
                  840d9ce0    00000100     palos_bios.lib : pal_ossem.obj (.text)
                  840d9de0    00000100     evmdm6437init2.obj (.text)
                  840d9ee0    00000100     osal_bios.a64P : Trace.o64P (.text)
                  840d9fe0    00000100     rts64plus.lib : trgdrv.obj (.text:_HOSTopen)
                  840da0e0    00000100                   : frcdivf.obj (.text:__frcdivf)
                  840da1e0    00000100                   : frcmpyd.obj (.text:__frcmpyd)
                  840da2e0    00000100                   : _printfi.obj (.text:__ltostr)
                  840da3e0    00000100                   : atoi.obj (.text:_atoi)
                  840da4e0    00000100                   : lowlev.obj (.text:_getdevice)
                  840da5e0    000000e0     nettool.lib : http.o64P (.text)
                  840da6c0    000000e0     stack.lib : sockprot.o64P (.text)
                  840da7a0    000000e0     rts64plus.lib : trgdrv.obj (.text:_HOSTlseek)
                  840da880    000000e0                   : _printfi.obj (.text:__div)
                  840da960    000000e0                   : divi.obj (.text:__divi)
                  840daa40    000000e0                   : _io_perm.obj (.text:__wrt_ok)
                  840dab20    000000e0                   : lowlev.obj (.text:_close)
                  840dac00    000000e0                   : fseek.obj (.text:_fseek)
                  840dace0    000000e0                   : memset.obj (.text:_memset)
                  840dadc0    000000c0     palos_bios.lib : pal_osWait.obj (.text)
                  840dae80    000000c0     vpbe_bios_drv.lib : dda_vpbeBios.obj (.text)
                  840daf40    000000c0     udpHello2.obj (.text)
                  840db000    000000c0     rts64plus.lib : trgdrv.obj (.text:_HOSTread)
                  840db0c0    000000c0                   : trgdrv.obj (.text:_HOSTunlink)
                  840db180    000000c0                   : trgdrv.obj (.text:_HOSTwrite)
                  840db240    000000c0     bios.a64P : staticpool_open.o64P (.text:_STATICPOOL_open)
                  840db300    000000c0     rts64plus.lib : fopen.obj (.text:__cleanup)
                  840db3c0    000000c0                   : divu.obj (.text:__divu)
                  840db480    000000c0                   : vsnprintf.obj (.text:__outs)
                  840db540    000000c0                   : _printfi.obj (.text:__pconv_f)
                  840db600    000000c0                   : remi.obj (.text:__remi)
                  840db6c0    000000c0                   : lowlev.obj (.text:_lseek)
                  840db780    000000c0                   : ltoa.obj (.text:_ltoa)
                  840db840    000000c0                   : modf.obj (.text:_modf)
                  840db900    000000c0                   : lowlev.obj (.text:_write)
                  840db9c0    000000a0     vpfe_bios_drv.lib : dda_vpfeBios.obj (.text)
                  840dba60    000000a0     qdma_setup2.obj (.text)
                  840dbb00    000000a0     os.lib : oscrit.o64P (.text)
                  840dbba0    000000a0     rts64plus.lib : trgdrv.obj (.text:_HOSTclose)
                  840dbc40    000000a0                   : imath40.obj (.text:__divli)
                  840dbce0    000000a0                   : fflush.obj (.text:__doflush)
                  840dbd80    000000a0                   : _printfi.obj (.text:__ecpy)
                  840dbe20    000000a0                   : fixdli.obj (.text:__fixdli)
                  840dbec0    000000a0                   : fixdu.obj (.text:__fixdu)
                  840dbf60    000000a0                   : fltlid.obj (.text:__fltlid)
                  840dc000    000000a0                   : remu.obj (.text:__remu)
                  840dc0a0    000000a0                   : exit.obj (.text:_atexit)
                  840dc140    000000a0                   : lowlev.obj (.text:_finddevice)
                  840dc1e0    000000a0                   : memcpy64.obj (.text:_memcpy)
                  840dc280    000000a0                   : renormd.obj (.text:_renormd)
                  840dc320    000000a0                   : strstr.obj (.text:_strstr)
                  840dc3c0    000000a0                   : trgmsg.obj (.text:_writemsg)
                  840dc460    00000080     palos_bios.lib : pal_osprotect.obj (.text)
                  840dc4e0    00000080     audio_video_encdec_x64P.o64P (.text)
                  840dc560    00000080     bios.a64P : staticpool_alloc.o64P (.text:_STATICPOOL_alloc)
                  840dc5e0    00000080     rts64plus.lib : cmpd.obj (.text:__cmpd)
                  840dc660    00000080                   : fixdi.obj (.text:__fixdi)
                  840dc6e0    00000080                   : llshift.obj (.text:__llshl)
                  840dc760    00000080                   : sprintf.obj (.text:__outs)
                  840dc7e0    00000080                   : vsprintf.obj (.text:__outs)
                  840dc860    00000080                   : printf.obj (.text:_printf)
                  840dc8e0    00000080                   : trgmsg.obj (.text:_readmsg)
                  840dc960    00000080                   : lowlev.obj (.text:_unlink)
                  840dc9e0    00000060     SEED_DEC6437Bsl.lib : dm6437_flash.obj (.text)
                  840dca40    00000060     hal_userled_dm6437.lib : llled.obj (.text)
                  840dcaa0    00000060     rts64plus.lib : cvtfd.obj (.text:__cvtfd)
                  840dcb00    00000060                   : fltid.obj (.text:__fltid)
                  840dcb60    00000060                   : imath64.obj (.text:__subcull)
                  840dcbc0    00000060                   : ceil.obj (.text:_ceil)
                  840dcc20    00000060                   : memccpy.obj (.text:_memccpy)
                  840dcc80    00000060                   : sprintf.obj (.text:_sprintf)
                  840dcce0    00000060                   : strcpy.obj (.text:_strcpy)
                  840dcd40    00000060                   : vsnprintf.obj (.text:_vsnprintf)
                  840dcda0    00000040     palos_bios.lib : pal_osInt.obj (.text)
                  840dcde0    00000040     hal_ser_stub.lib : llserstb.o64P (.text)
                  840dce20    00000040     utils.a64P : c64p_getltime.o64P (.text)
                  840dce60    00000040     rts64plus.lib : push.obj (.text:__call_stub)
                  840dcea0    00000040                   : fltud.obj (.text:__fltud)
                  840dcee0    00000040                   : fltuf.obj (.text:__fltuf)
                  840dcf20    00000040                   : llshift.obj (.text:__llshru)
                  840dcf60    00000040                   : negd.obj (.text:__negd)
                  840dcfa0    00000040                   : vsnprintf.obj (.text:__outc)
                  840dcfe0    00000040                   : imath40.obj (.text:__remli)
                  840dd020    00000040                   : strasg.obj (.text:__strasgi_64plus)
                  840dd060    00000040                   : subd.obj (.text:__subd)
                  840dd0a0    00000040                   : strlen.obj (.text:_strlen)
                  840dd0e0    00000040                   : vsprintf.obj (.text:_vsprintf)
                  840dd120    00000020     stack.lib : nat.o64P (.text)
                  840dd140    00000020     acpy3.a64P : acpy3_init.o64P (.text:ACPY3_exit)
                  840dd160    00000020                : acpy3_init.o64P (.text:ACPY3_init)
                  840dd180    00000020     bios.a64P : staticpool_free.o64P (.text:_STATICPOOL_free)
                  840dd1a0    00000020     rts64plus.lib : negll.obj (.text:__negll)
                  840dd1c0    00000020                   : _lock.obj (.text:__nop)
                  840dd1e0    00000020                   : printf.obj (.text:__outc)
                  840dd200    00000020                   : vsprintf.obj (.text:__outc)
                  840dd220    00000020                   : sprintf.obj (.text:__outc)
                  840dd240    00000020                   : printf.obj (.text:__outs)
                  840dd260    00000020                   : push.obj (.text:__pop_rts)
                  840dd280    00000020                   : push.obj (.text:__push_rts)
                  840dd2a0    00000020                   : _lock.obj (.text:__register_lock)
                  840dd2c0    00000020                   : _lock.obj (.text:__register_unlock)
                  840dd2e0    00000020                   : remove.obj (.text:_remove)
                  840dd300    00000020     (.T$0029)
                  840dd320    00000020     (.T$001f)
                  840dd340    00000020     (.T$000d)
                  840dd360    00000020     (.T$0025)
                  840dd380    00000020     (.T$0011)
                  840dd3a0    00000020     (.T$0008)
                  840dd3c0    00000020     (.T$002a)
                  840dd3e0    00000020     (.T$0026)
                  840dd400    00000020     (.T$000f)
                  840dd420    00000020     (.T$0028)
                  840dd440    00000020     (.T$0015)
                  840dd460    00000020     (.T$002f)
                  840dd480    00000020     (.T$0007)
                  840dd4a0    00000020     (.T$0020)
                  840dd4c0    00000020     (.T$0021)
                  840dd4e0    00000020     (.T$0009)
                  840dd500    00000020     (.T$002d)
                  840dd520    00000020     (.T$0019)
                  840dd540    00000020     (.T$0023)
                  840dd560    00000020     (.T$002b)
                  840dd580    00000020     (.T$0017)
                  840dd5a0    00000020     (.T$0022)
                  840dd5c0    00000020     (.T$0012)
                  840dd5e0    00000020     (.T$001e)
                  840dd600    00000020     (.T$0014)
                  840dd620    00000020     (.T$001a)
                  840dd640    00000020     (.T$0016)
                  840dd660    00000020     (.T$0024)
                  840dd680    00000020     (.T$001c)
                  840dd6a0    00000020     (.T$002e)
                  840dd6c0    00000020     (.T$0018)
                  840dd6e0    00000020     (.T$000a)
                  840dd700    00000020     (.T$000c)
                  840dd720    00000020     (.T$002c)
                  840dd740    00000020     (.T$0030)
                  840dd760    00000020     (.T$0006)
                  840dd780    00000020     (.T$001d)
                  840dd7a0    00000020     (.T$001b)
                  840dd7c0    00000020     (.T$0013)
                  840dd7e0    00000020     (.T$000e)
                  840dd800    00000020     (.T$0027)
                  840dd820    00000020     (.T$0010)
                  840dd840    00000020     (.T$000b)

.stack     0    840dd860    00020000     UNINITIALIZED

.TSK_idle$stk 
*          0    840fd860    00000400     UNINITIALIZED
                  840fd860    00000400     audio_video_encdec_x64Pcfg.o64P (.TSK_idle$stk)

.args      0    840fdc60    00000200     
                  840fdc60    00000200     --HOLE-- [fill = 00000000]

.cio       0    840fde60    00000120     UNINITIALIZED
                  840fde60    00000120     rts64plus.lib : trgmsg.obj (.cio)

.tsk       0    840fdf80    00000068     UNINITIALIZED
                  840fdf80    00000068     audio_video_encdec_x64Pcfg.o64P (.tsk)

.gio       0    840fdfe8    00000010     UNINITIALIZED
                  840fdfe8    00000010     audio_video_encdec_x64Pcfg.o64P (.gio)

.clk       0    840fdff8    00000008     UNINITIALIZED
                  840fdff8    00000008     audio_video_encdec_x64Pcfg.o64P (.clk)

.LOG_system$buf 
*          0    840fe000    00001000     UNINITIALIZED
                  840fe000    00001000     audio_video_encdec_x64Pcfg.o64P (.LOG_system$buf)

.rtdx_text 
*          0    840ff000    00000d00     
                  840ff000    000007a0     rtdx64xplus.lib : rtdx_mon.o64P (.rtdx_text)
                  840ff7a0    00000460                     : buffer1.o64P (.rtdx_text)
                  840ffc00    00000060                     : buffer2.o64P (.rtdx_text)
                  840ffc60    00000040                     : intr_tgt.o64P (.rtdx_text)
                  840ffca0    00000020                     : memfill.o64P (.rtdx_text)
                  840ffcc0    00000020     (.T$0034)
                  840ffce0    00000020     (.T$0033)

.trace     0    840ffd00    00000200     
                  840ffd00    00000200     --HOLE-- [fill = 00000000]

.hst0      0    840fff00    00000100     UNINITIALIZED
                  840fff00    00000100     audio_video_encdec_x64Pcfg.o64P (.hst0)

.DVTEvent_Log$buf 
*          0    84100000    00008000     UNINITIALIZED
                  84100000    00008000     audio_video_encdec_x64Pcfg.o64P (.DVTEvent_Log$buf)

.trace$buf 
*          0    84108000    00004000     UNINITIALIZED
                  84108000    00004000     audio_video_encdec_x64Pcfg.o64P (.trace$buf)

.bios      0    8410c000    00006ca0     
                  8410c000    000005c0     bios.a64P : sys_prin.o64P (.bios)
                  8410c5c0    000005c0     lnkrtdx.a64P : rtdx.o64P (.bios)
                  8410cb80    00000520     bios.a64P : exc.o64P (.bios)
                  8410d0a0    000004c0               : hwi_disp_asm.o64P (.bios)
                  8410d560    000004a0               : swi.o64P (.bios)
                  8410da00    00000360               : prd.o64P (.bios)
                  8410dd60    00000340               : tsk_crea.o64P (.bios)
                  8410e0a0    000002a0               : gio_crea.o64P (.bios)
                  8410e340    000002a0               : malloc.o64P (.bios)
                  8410e5e0    00000280               : rta.o64P (.bios)
                  8410e860    00000240               : mem_defi.o64P (.bios)
                  8410eaa0    00000240               : knl_run.o64P (.bios)
                  8410ece0    00000220               : mem_rede.o64P (.bios)
                  8410ef00    00000200               : sem_pend.o64P (.bios)
                  8410f100    00000200               : hook.o64P (.bios)
                  8410f300    000001e0               : knl_tick.o64P (.bios)
                  8410f4e0    000001e0               : c62_plug.o64P (.bios)
                  8410f6c0    000001e0               : exc_asm.o64P (.bios)
                  8410f8a0    000001e0               : pip.o64P (.bios)
                  8410fa80    000001e0               : mem_allo.o64P (.bios:.near)
                  8410fc60    000001c0               : sem_dopo.o64P (.bios)
                  8410fe20    000001c0               : tsk_setp.o64P (.bios)
                  8410ffe0    000001c0               : tsk_dele.o64P (.bios)
                  841101a0    000001c0               : gio_sbmt.o64P (.bios)
                  84110360    000001c0     biosDM420.a64P : bcache_block.o64P (.bios)
                  84110520    000001c0     bios.a64P : mem_free.o64P (.bios:.near)
                  841106e0    000001a0               : tsk_setu.o64P (.bios)
                  84110880    000001a0     biosDM420.a64P : clk.o64P (.bios)
                  84110a20    00000180     bios.a64P : knl_swit.o64P (.bios)
                  84110ba0    00000140               : mem_stat.o64P (.bios)
                  84110ce0    00000140               : autoinit.o64P (.bios)
                  84110e20    00000140               : knl_read.o64P (.bios)
                  84110f60    00000140               : tsk_exit.o64P (.bios)
                  841110a0    00000140     biosDM420.a64P : bcache_init.o64P (.bios)
                  841111e0    00000120     bios.a64P : knl_chec.o64P (.bios)
                  84111300    00000120               : gbl_cacheinit64P.o64P (.bios)
                  84111420    00000120               : mem_unde.o64P (.bios)
                  84111540    00000100               : gio_dele.o64P (.bios)
                  84111640    00000100               : tsk_stup.o64P (.bios)
                  84111740    00000100               : ecm_dispatch.o64P (.bios)
                  84111840    000000e0               : sem_post_asm.o64P (.bios)
                  84111920    000000c0               : knl_exit.o64P (.bios)
                  841119e0    000000c0               : dev_matc.o64P (.bios)
                  84111aa0    000000a0               : knl_star.o64P (.bios)
                  84111b40    000000a0               : sys_exit.o64P (.bios)
                  84111be0    000000a0               : sem_post.o64P (.bios)
                  84111c80    000000a0     log8.a64P : log_ts.o64P (.bios)
                  84111d20    00000080     bios.a64P : atm.o64P (.bios)
                  84111da0    00000080               : obj_crea.o64P (.bios)
                  84111e20    00000080               : hwi_disp.o64P (.bios)
                  84111ea0    00000080               : hwi_eventmap64P.o64P (.bios)
                  84111f20    00000080               : lck.o64P (.bios)
                  84111fa0    00000080               : knl_ipos.o64P (.bios)
                  84112020    00000080               : tsk_disa.o64P (.bios)
                  841120a0    00000080               : knl_post.o64P (.bios)
                  84112120    00000080               : gio_cbck.o64P (.bios)
                  841121a0    00000080               : sem_crea.o64P (.bios)
                  84112220    00000080     biosDM420.a64P : idl_cal.o64P (.bios)
                  841122a0    00000080                    : bcache_all.o64P (.bios)
                  84112320    00000080                    : bcache_wait.o64P (.bios)
                  841123a0    00000060     bios.a64P : idl_busy.o64P (.bios)
                  84112400    00000060               : fxn.o64P (.bios)
                  84112460    00000060               : sts.o64P (.bios)
                  841124c0    00000060               : sem_pend_counting.o64P (.bios)
                  84112520    00000060               : obj_dele.o64P (.bios)
                  84112580    00000060               : hwi_c.o64P (.bios)
                  841125e0    00000060               : sys_abor.o64P (.bios)
                  84112640    00000060               : ecm_dispatchPlug.o64P (.bios)
                  841126a0    00000060               : utl_putc.o64P (.bios)
                  84112700    00000060     biosDM420.a64P : clk_meas.o64P (.bios)
                  84112760    00000060     bios.a64P : sys_erro.o64P (.bios:.near)
                  841127c0    00000060               : mem_vall.o64P (.bios:.near)
                  84112820    00000040               : ecm_disableEvent.o64P (.bios)
                  84112860    00000040               : idl_stub.o64P (.bios)
                  841128a0    00000040               : que_get.o64P (.bios)
                  841128e0    00000040               : utl_doab.o64P (.bios)
                  84112920    00000040               : rta_andn.o64P (.bios)
                  84112960    00000040               : ecm_enableEvent.o64P (.bios)
                  841129a0    00000040               : c62_c.o64P (.bios)
                  841129e0    00000020               : sem_dele.o64P (.bios)
                  84112a00    00000020               : swi_self.o64P (.bios)
                  84112a20    00000020               : sts_set.o64P (.bios)
                  84112a40    00000020               : gio_cntl.o64P (.bios)
                  84112a60    00000020               : idl.o64P (.bios)
                  84112a80    00000020               : utl_doer.o64P (.bios)
                  84112aa0    00000020               : gbl_vers.o64P (.bios)
                  84112ac0    00000020               : clk_getltime.o64P (.bios)
                  84112ae0    00000020               : clk_getprd.o64P (.bios)
                  84112b00    00000020               : log_printf.o64P (.bios)
                  84112b20    00000020               : hook_setenv.o64P (.bios)
                  84112b40    00000020               : utl_halt.o64P (.bios)
                  84112b60    00000020               : fxn_c.o64P (.bios)
                  84112b80    00000020               : clk_countspms.o64P (.bios)
                  84112ba0    00000020               : hook_getenv.o64P (.bios)
                  84112bc0    00000020     biosDM420.a64P : clk_gethtime.o64P (.bios)
                  84112be0    00000020     (.T$0001)
                  84112c00    00000020     (.T$0005)
                  84112c20    00000020     (.T$0000)
                  84112c40    00000020     (.T$0002)
                  84112c60    00000020     (.T$0003)
                  84112c80    00000020     (.T$0004)

.cinit     0    84112ca0    000039f4     
                  84112ca0    0000123c     audio_video_encdec_x64Pcfg.o64P (.cinit)
                  84113edc    00000004     --HOLE-- [fill = 0]
                  84113ee0    00000588     edma3_drv_bios.lib : edma3cfg.obj (.cinit)
                  84114468    0000026c     bios.a64P : biosdata.o64P (.cinit)
                  841146d4    00000004     --HOLE-- [fill = 0]
                  841146d8    00000214     audio_video_encdec_x64P.o64P (.cinit)
                  841148ec    00000004     --HOLE-- [fill = 0]
                  841148f0    000001cc     audio_bios_drv.lib : psp_audio.obj (.cinit)
                  84114abc    00000004     --HOLE-- [fill = 0]
                  84114ac0    000001a4     bios.a64P : knl.o64P (.cinit)
                  84114c64    00000004     --HOLE-- [fill = 0]
                  84114c68    0000013c     speech_test.obj (.cinit)
                  84114da4    00000004     --HOLE-- [fill = 0]
                  84114da8    0000010c     stack.lib : exec.o64P (.cinit)
                  84114eb4    00000004     --HOLE-- [fill = 0]
                  84114eb8    00000104     mcasp_bios_drv.lib : dda_mcasp_bios.obj (.cinit)
                  84114fbc    00000004     --HOLE-- [fill = 0]
                  84114fc0    000000fc     nettool.lib : httpstr.o64P (.cinit)
                  841150bc    00000004     --HOLE-- [fill = 0]
                  841150c0    000000dc     mcbsp_bios_drv.lib : dda_mcbsp_bios.obj (.cinit)
                  8411519c    00000004     --HOLE-- [fill = 0]
                  841151a0    000000dc     helloWorld2.obj (.cinit)
                  8411527c    00000004     --HOLE-- [fill = 0]
                  84115280    000000d4     mcbsp_bios_drv.lib : ddc_mcbsp.obj (.cinit)
                  84115354    00000004     --HOLE-- [fill = 0]
                  84115358    000000c4     os.lib : mem.o64P (.cinit)
                  8411541c    00000004     --HOLE-- [fill = 0]
                  84115420    000000a8     bios.a64P : swi.o64P (.cinit)
                  841154c8    000000a0     netctrl.lib : netsrv.o64P (.cinit)
                  84115568    0000007c     utils.a64P : Load.o64P (.cinit)
                  841155e4    00000004     --HOLE-- [fill = 0]
                  841155e8    00000070     bios.a64P : tsk.o64P (.cinit)
                  84115658    0000006c     os.lib : task.o64P (.cinit)
                  841156c4    00000004     --HOLE-- [fill = 0]
                  841156c8    0000006c     hal_eth_dm64lc.lib : dm64lc.obj (.cinit)
                  84115734    00000004     --HOLE-- [fill = 0]
                  84115738    0000006a     edma3_drv_bios.lib : edma3.obj (.cinit)
                  841157a2    00000006     --HOLE-- [fill = 0]
                  841157a8    00000068     edma3_drv_sample.lib : bios_edma3_sample_cfg.obj (.cinit)
                  84115810    0000005c     rts64plus.lib : defs.obj (.cinit)
                  8411586c    00000004     --HOLE-- [fill = 0]
                  84115870    0000005c                   : lowlev.obj (.cinit)
                  841158cc    00000004     --HOLE-- [fill = 0]
                  841158d0    0000005c     lnkrtdx.a64P : rtdx.o64P (.cinit)
                  8411592c    00000004     --HOLE-- [fill = 0]
                  84115930    0000005c     main.obj (.cinit)
                  8411598c    00000004     --HOLE-- [fill = 0]
                  84115990    0000005c     netctrl.lib : netctrl.o64P (.cinit)
                  841159ec    00000004     --HOLE-- [fill = 0]
                  841159f0    0000005c     osal_bios.a64P : GT_config_BIOS.o64P (.cinit)
                  84115a4c    00000004     --HOLE-- [fill = 0]
                  84115a50    0000005c     dskt2.a64P : dskt2_scratch.o64P (.cinit)
                  84115aac    00000004     --HOLE-- [fill = 0]
                  84115ab0    00000058     vpbe_bios_drv.lib : dda_vpbeIom.obj (.cinit)
                  84115b08    00000058     vpfe_bios_drv.lib : dda_vpfeIom.obj (.cinit)
                  84115b60    00000055     nettool.lib : dhcptags.o64P (.cinit)
                  84115bb5    00000003     --HOLE-- [fill = 0]
                  84115bb8    00000054                 : httpsend.o64P (.cinit)
                  84115c0c    00000004     --HOLE-- [fill = 0]
                  84115c10    0000004c     bios.a64P : rta.o64P (.cinit)
                  84115c5c    00000004     --HOLE-- [fill = 0]
                  84115c60    0000004c     os.lib : ossys.o64P (.cinit)
                  84115cac    00000004     --HOLE-- [fill = 0]
                  84115cb0    0000004c     stack.lib : rtable.o64P (.cinit)
                  84115cfc    00000004     --HOLE-- [fill = 0]
                  84115d00    0000004c     dman3Cfg.a64P : dman3_initImpl.o64P (.cinit)
                  84115d4c    00000004     --HOLE-- [fill = 0]
                  84115d50    0000004a     edma3_rm_bios.lib : edma3resmgr.obj (.cinit)
                  84115d9a    00000006     --HOLE-- [fill = 0]
                  84115da0    00000048     rtdx64xplus.lib : rtdx_mon.o64P (.cinit)
                  84115de8    00000048     edma3_drv_sample.lib : bios_edma3_sample_init.obj (.cinit)
                  84115e30    00000048     stack.lib : md5.o64P (.cinit)
                  84115e78    00000044     bios.a64P : sys_stri.o64P (.cinit)
                  84115ebc    00000004     --HOLE-- [fill = 0]
                  84115ec0    00000044     prev_bios_drv.lib : dda_previewer.obj (.cinit)
                  84115f04    00000004     --HOLE-- [fill = 0]
                  84115f08    00000044     stack.lib : rtc.o64P (.cinit)
                  84115f4c    00000004     --HOLE-- [fill = 0]
                  84115f50    0000003c     bios.a64P : exc.o64P (.cinit)
                  84115f8c    00000004     --HOLE-- [fill = 0]
                  84115f90    0000003c     mcbsp_bios_drv.lib : llc_mcbsp.obj (.cinit)
                  84115fcc    00000004     --HOLE-- [fill = 0]
                  84115fd0    0000003c     video_test.obj (.cinit)
                  8411600c    00000004     --HOLE-- [fill = 0]
                  84116010    0000003c     stack.lib : tcptime.o64P (.cinit)
                  8411604c    00000004     --HOLE-- [fill = 0]
                  84116050    0000003c               : igmp.o64P (.cinit)
                  8411608c    00000004     --HOLE-- [fill = 0]
                  84116090    00000034     bios.a64P : hwi.o64P (.cinit)
                  841160c4    00000004     --HOLE-- [fill = 0]
                  841160c8    00000034     prev_bios_drv.lib : ddc_previewer.obj (.cinit)
                  841160fc    00000004     --HOLE-- [fill = 0]
                  84116100    00000030     bios.a64P : tsk_stup.o64P (.cinit)
                  84116130    0000002e     evmdm6437init2.obj (.cinit)
                  8411615e    00000002     --HOLE-- [fill = 0]
                  84116160    0000002c     rts64plus.lib : exit.obj (.cinit)
                  8411618c    00000004     --HOLE-- [fill = 0]
                  84116190    0000002c     bios.a64P : utl_putc.o64P (.cinit)
                  841161bc    00000004     --HOLE-- [fill = 0]
                  841161c0    0000002c     stack.lib : sockpcb.o64P (.cinit)
                  841161ec    00000004     --HOLE-- [fill = 0]
                  841161f0    0000002c               : pppoe.o64P (.cinit)
                  8411621c    00000004     --HOLE-- [fill = 0]
                  84116220    00000024     bios.a64P : obj_init.o64P (.cinit)
                  84116244    00000004     --HOLE-- [fill = 0]
                  84116248    00000024     audio_params.obj (.cinit)
                  8411626c    00000004     --HOLE-- [fill = 0]
                  84116270    00000020     i2c_bios_drv.lib : dda_i2cIom.obj (.cinit)
                  84116290    00000020     i2c_params2.obj (.cinit)
                  841162b0    00000020     hal_eth_dm64lc.lib : dm64lc_mdio.obj (.cinit)
                  841162d0    0000001c     rts64plus.lib : _lock.obj (.cinit)
                  841162ec    00000004     --HOLE-- [fill = 0]
                  841162f0    0000001c     bios.a64P : sys.o64P (.cinit)
                  8411630c    00000004     --HOLE-- [fill = 0]
                  84116310    0000001c               : mem_defi.o64P (.cinit)
                  8411632c    00000004     --HOLE-- [fill = 0]
                  84116330    0000001c               : exc_asm.o64P (.cinit)
                  8411634c    00000004     --HOLE-- [fill = 0]
                  84116350    0000001c     video_bios_drv.lib : psp_i2c_interface.obj (.cinit)
                  8411636c    00000004     --HOLE-- [fill = 0]
                  84116370    0000001c     SEED_DEC6437Bsl.lib : dm6437_uart.obj (.cinit)
                  8411638c    00000004     --HOLE-- [fill = 0]
                  84116390    0000001c     nettool.lib : daemon.o64P (.cinit)
                  841163ac    00000004     --HOLE-- [fill = 0]
                  841163b0    0000001c     stack.lib : ipin.o64P (.cinit)
                  841163cc    00000004     --HOLE-- [fill = 0]
                  841163d0    0000001c               : lli.o64P (.cinit)
                  841163ec    00000004     --HOLE-- [fill = 0]
                  841163f0    0000001c               : ip.o64P (.cinit)
                  8411640c    00000004     --HOLE-- [fill = 0]
                  84116410    0000001c               : tcp.o64P (.cinit)
                  8411642c    00000004     --HOLE-- [fill = 0]
                  84116430    0000001c               : icmp.o64P (.cinit)
                  8411644c    00000004     --HOLE-- [fill = 0]
                  84116450    0000001c               : timer.o64P (.cinit)
                  8411646c    00000004     --HOLE-- [fill = 0]
                  84116470    00000019     uart485.obj (.cinit)
                  84116489    00000007     --HOLE-- [fill = 0]
                  84116490    00000018     bios.a64P : knl_tick.o64P (.cinit)
                  841164a8    00000018               : tsk_setp.o64P (.cinit)
                  841164c0    00000014               : hwi_disp.o64P (.cinit)
                  841164d4    00000004     --HOLE-- [fill = 0]
                  841164d8    00000013     stack.lib : tcpout.o64P (.cinit)
                  841164eb    00000005     --HOLE-- [fill = 0]
                  841164f0    00000010     bios.a64P : sem_crea.o64P (.cinit)
                  84116500    00000010               : gio.o64P (.cinit)
                  84116510    0000000e               : ecm_dispatch.o64P (.cinit)
                  8411651e    00000002     --HOLE-- [fill = 0]
                  84116520    0000000e     stack.lib : lliout.o64P (.cinit)
                  8411652e    00000002     --HOLE-- [fill = 0]
                  84116530    0000000c     rts64plus.lib : fopen.obj (.cinit)
                  8411653c    00000004     --HOLE-- [fill = 0]
                  84116540    0000000c     bios.a64P : tsk_disa.o64P (.cinit)
                  8411654c    00000004     --HOLE-- [fill = 0]
                  84116550    0000000c               : knl_swit.o64P (.cinit)
                  8411655c    00000004     --HOLE-- [fill = 0]
                  84116560    0000000c               : knl_star.o64P (.cinit)
                  8411656c    00000004     --HOLE-- [fill = 0]
                  84116570    0000000c               : idl_busy.o64P (.cinit)
                  8411657c    00000004     --HOLE-- [fill = 0]
                  84116580    0000000c     biosDM420.a64P : bcache_wait.o64P (.cinit)
                  8411658c    00000004     --HOLE-- [fill = 0]
                  84116590    0000000c     rtdx64xplus.lib : buffer1.o64P (.cinit)
                  8411659c    00000004     --HOLE-- [fill = 0]
                  841165a0    0000000c     audio_bios_drv.lib : psp_aic23Codec.obj (.cinit)
                  841165ac    00000004     --HOLE-- [fill = 0]
                  841165b0    0000000c     prev_bios_drv.lib : llc_previewer.obj (.cinit)
                  841165bc    00000004     --HOLE-- [fill = 0]
                  841165c0    0000000c     vpfe_bios_drv.lib : ddc_vpfe.obj (.cinit)
                  841165cc    00000004     --HOLE-- [fill = 0]
                  841165d0    0000000c     SEED_DEC6437Bsl.lib : dm6437_psc.obj (.cinit)
                  841165dc    00000004     --HOLE-- [fill = 0]
                  841165e0    0000000c                         : dm6437_i2c.obj (.cinit)
                  841165ec    00000004     --HOLE-- [fill = 0]
                  841165f0    0000000c     hal_timer_bios.lib : lltimer.o64P (.cinit)
                  841165fc    00000004     --HOLE-- [fill = 0]
                  84116600    0000000c     nettool.lib : config.o64P (.cinit)
                  8411660c    00000004     --HOLE-- [fill = 0]
                  84116610    0000000c     os.lib : pbm.o64P (.cinit)
                  8411661c    00000004     --HOLE-- [fill = 0]
                  84116620    0000000c            : efs.o64P (.cinit)
                  8411662c    00000004     --HOLE-- [fill = 0]
                  84116630    0000000c     stack.lib : node.o64P (.cinit)
                  8411663c    00000004     --HOLE-- [fill = 0]
                  84116640    0000000c               : bind.o64P (.cinit)
                  8411664c    00000004     --HOLE-- [fill = 0]
                  84116650    0000000c               : ipfrag.o64P (.cinit)
                  8411665c    00000004     --HOLE-- [fill = 0]
                  84116660    0000000c     hal_eth_dm64lc.lib : llpacket.obj (.cinit)
                  8411666c    00000004     --HOLE-- [fill = 0]
                  84116670    0000000c     osal_bios.a64P : Trace.o64P (.cinit)
                  8411667c    00000004     --HOLE-- [fill = 0]
                  84116680    0000000c     acpy3.a64P : acpy3_init.o64P (.cinit)
                  8411668c    00000008     --HOLE-- [fill = 0]

.const     0    84116698    0000294e     
                  84116698    00000289     prev_bios_drv.lib : ddc_previewer.obj (.const)
                  84116921    00000002     rts64plus.lib : fputs.obj (.const)
                  84116923    00000001     --HOLE-- [fill = 0]
                  84116924    000001f0     bios.a64P : sys_stri.o64P (.const)
                  84116b14    000001ae     helloWorld2.obj (.const)
                  84116cc2    00000002     --HOLE-- [fill = 0]
                  84116cc4    00000144     nettool.lib : httpsend.o64P (.const)
                  84116e08    00000135     os.lib : mem.o64P (.const)
                  84116f3d    00000003     --HOLE-- [fill = 0]
                  84116f40    0000011f            : task.o64P (.const)
                  8411705f    00000001     --HOLE-- [fill = 0]
                  84117060    00000114     video_test.obj (.const)
                  84117174    0000010f     stack.lib : ppp.o64P (.const)
                  84117283    00000001     --HOLE-- [fill = 0]
                  84117284    00000103     speech_test.obj (.const)
                  84117387    00000001     --HOLE-- [fill = 0]
                  84117388    00000101     rts64plus.lib : ctype.obj (.const)
                  84117489    00000003     --HOLE-- [fill = 0]
                  8411748c    000000ef     stack.lib : rtc.o64P (.const)
                  8411757b    00000001     --HOLE-- [fill = 0]
                  8411757c    000000eb     main.obj (.const)
                  84117667    00000001     --HOLE-- [fill = 0]
                  84117668    000000d7     stack.lib : lliout.o64P (.const)
                  8411773f    00000001     --HOLE-- [fill = 0]
                  84117740    000000d3     netctrl.lib : netctrl.o64P (.const)
                  84117813    00000001     --HOLE-- [fill = 0]
                  84117814    000000ca     stack.lib : pppoe.o64P (.const)
                  841178de    00000002     --HOLE-- [fill = 0]
                  841178e0    000000c4               : node.o64P (.const)
                  841179a4    000000bd     audio_bios_drv.lib : psp_aic23Codec.obj (.const)
                  84117a61    00000003     --HOLE-- [fill = 0]
                  84117a64    000000a3     evmdm6437init2.obj (.const)
                  84117b07    00000001     --HOLE-- [fill = 0]
                  84117b08    000000a2     prev_bios_drv.lib : dda_previewer.obj (.const)
                  84117baa    00000002     --HOLE-- [fill = 0]
                  84117bac    0000009a     stack.lib : rtable.o64P (.const)
                  84117c46    00000002     --HOLE-- [fill = 0]
                  84117c48    0000009a     dskt2.a64P : dskt2_scratch.o64P (.const)
                  84117ce2    00000002     --HOLE-- [fill = 0]
                  84117ce4    00000098     mcasp_bios_drv.lib : ddc_mcasp.obj (.const)
                  84117d7c    00000080     mcbsp_bios_drv.lib : ddc_mcbsp.obj (.const)
                  84117dfc    00000080     stack.lib : sock.o64P (.const)
                  84117e7c    0000007c               : sb.o64P (.const)
                  84117ef8    00000070     audio_bios_drv.lib : psp_audio.obj (.const)
                  84117f68    0000006d     nettool.lib : httpclie.o64P (.const)
                  84117fd5    00000003     --HOLE-- [fill = 0]
                  84117fd8    0000006c     netctrl.lib : netsrv.o64P (.const)
                  84118044    0000006a     stack.lib : ether.o64P (.const)
                  841180ae    00000002     --HOLE-- [fill = 0]
                  841180b0    00000068               : bind.o64P (.const)
                  84118118    00000068               : sockprot.o64P (.const)
                  84118180    00000067               : fileuser.o64P (.const)
                  841181e7    00000001     --HOLE-- [fill = 0]
                  841181e8    0000005a     nettool.lib : daemon.o64P (.const)
                  84118242    00000002     --HOLE-- [fill = 0]
                  84118244    00000058     stack.lib : socket.o64P (.const)
                  8411829c    00000053               : tcptime.o64P (.const)
                  841182ef    00000001     --HOLE-- [fill = 0]
                  841182f0    00000051     os.lib : pbm.o64P (.const)
                  84118341    00000003     --HOLE-- [fill = 0]
                  84118344    00000051     stack.lib : lli.o64P (.const)
                  84118395    00000003     --HOLE-- [fill = 0]
                  84118398    00000050     nettool.lib : ipaddr.o64P (.const)
                  841183e8    0000004f     stack.lib : lliin.o64P (.const)
                  84118437    00000001     --HOLE-- [fill = 0]
                  84118438    0000004b     nettool.lib : dhcpmain.o64P (.const)
                  84118483    00000001     --HOLE-- [fill = 0]
                  84118484    0000004b     stack.lib : ipout.o64P (.const)
                  841184cf    00000001     --HOLE-- [fill = 0]
                  841184d0    00000048               : ipin.o64P (.const)
                  84118518    00000047               : route.o64P (.const)
                  8411855f    00000001     --HOLE-- [fill = 0]
                  84118560    00000046               : etherin.o64P (.const)
                  841185a6    00000002     --HOLE-- [fill = 0]
                  841185a8    00000044     nettool.lib : dhcpsm.o64P (.const)
                  841185ec    00000044     stack.lib : tcpin.o64P (.const)
                  84118630    00000041               : tcpprot.o64P (.const)
                  84118671    00000003     --HOLE-- [fill = 0]
                  84118674    0000003e               : auth.o64P (.const)
                  841186b2    00000002     --HOLE-- [fill = 0]
                  841186b4    0000003c               : exec.o64P (.const)
                  841186f0    00000038     nettool.lib : config.o64P (.const)
                  84118728    00000038     os.lib : efs.o64P (.const)
                  84118760    00000034     nettool.lib : telnetd.o64P (.const)
                  84118794    00000034     stack.lib : igmp.o64P (.const)
                  841187c8    00000030               : udp.o64P (.const)
                  841187f8    00000030               : icmpin.o64P (.const)
                  84118828    0000002c     i2c_bios_drv.lib : ddc_i2c.obj (.const)
                  84118854    0000002b     palos_bios.lib : pal_oscache.obj (.const)
                  8411887f    00000001     --HOLE-- [fill = 0]
                  84118880    00000028     mcasp_bios_drv.lib : dda_mcasp_bios.obj (.const)
                  841188a8    00000028     stack.lib : raw.o64P (.const)
                  841188d0    00000024               : ipfrag.o64P (.const)
                  841188f4    00000024               : tcpout.o64P (.const)
                  84118918    00000024               : file.o64P (.const)
                  8411893c    00000024               : pipe.o64P (.const)
                  84118960    00000022               : if.o64P (.const)
                  84118982    00000002     --HOLE-- [fill = 0]
                  84118984    00000020               : sockint.o64P (.const)
                  841189a4    00000020               : sockpcb.o64P (.const)
                  841189c4    00000020               : ip.o64P (.const)
                  841189e4    0000001e     os.lib : ossys.o64P (.const)
                  84118a02    00000002     --HOLE-- [fill = 0]
                  84118a04    0000001c     mcbsp_bios_drv.lib : dda_mcbsp_bios.obj (.const)
                  84118a20    0000001c     nettool.lib : dhcpsock.o64P (.const)
                  84118a3c    00000001     bios.a64P : sem_crea.o64P (.const)
                  84118a3d    00000003     --HOLE-- [fill = 0]
                  84118a40    0000001a     video_bios_drv.lib : tvp5146_extDecoder.obj (.const)
                  84118a5a    00000002     --HOLE-- [fill = 0]
                  84118a5c    00000001     bios.a64P : tsk.o64P (.const)
                  84118a5d    00000003     --HOLE-- [fill = 0]
                  84118a60    00000018               : sys_prin.o64P (.const)
                  84118a78    00000017     vpbe_bios_drv.lib : ddc_vpbe.obj (.const)
                  84118a8f    00000001     --HOLE-- [fill = 0]
                  84118a90    00000017     vpfe_bios_drv.lib : ddc_vpfe.obj (.const)
                  84118aa7    00000001     --HOLE-- [fill = 0]
                  84118aa8    00000016     stack.lib : timer.o64P (.const)
                  84118abe    00000002     --HOLE-- [fill = 0]
                  84118ac0    00000014     hal_timer_bios.lib : lltimer.o64P (.const)
                  84118ad4    00000014     stack.lib : icmp.o64P (.const)
                  84118ae8    00000014               : lcp.o64P (.const)
                  84118afc    00000014               : tcp.o64P (.const)
                  84118b10    00000010     bios.a64P : staticpool_vt.o64P (.const)
                  84118b20    00000010     stack.lib : ipcp.o64P (.const)
                  84118b30    0000000c     bios.a64P : staticpool_open.o64P (.const)
                  84118b3c    0000000c     nettool.lib : dhcppkt.o64P (.const)
                  84118b48    0000000c                 : dhcptags.o64P (.const)
                  84118b54    0000000c                 : http.o64P (.const)
                  84118b60    0000000c                 : httppars.o64P (.const)
                  84118b6c    0000000c                 : dhcpbild.o64P (.const)
                  84118b78    00000008     edma3_drv_sample.lib : bios_edma3_sample_init.obj (.const)
                  84118b80    00000008     stack.lib : md5.o64P (.const)
                  84118b88    00000193     bios.a64P : exc.o64P (.const)
                  84118d1b    000000e1     audio_video_encdec_x64P.o64P (.const)
                  84118dfc    000000cd     nettool.lib : httpstr.o64P (.const)
                  84118ec9    00000032     bios.a64P : mem_rede.o64P (.const)
                  84118efb    00000023     rts64plus.lib : _printfi.obj (.const)
                  84118f1e    00000023     bios.a64P : utl_doab.o64P (.const)
                  84118f41    00000022               : tsk_stup.o64P (.const)
                  84118f63    00000022               : utl_doer.o64P (.const)
                  84118f85    00000020               : dev_init.o64P (.const)
                  84118fa5    0000001f     audio_video_encdec_x64Pcfg.o64P (.const)
                  84118fc4    00000012     osal_bios.a64P : GT_config_BIOS.o64P (.const)
                  84118fd6    00000004     bios.a64P : mem_free.o64P (.const)
                  84118fda    00000004               : gio_crea.o64P (.const)
                  84118fde    00000004               : mem_unde.o64P (.const)
                  84118fe2    00000004               : mem_allo.o64P (.const)

.bss       0    84118fe8    00000b30     UNINITIALIZED
                  84118fe8    00000474     audio_video_encdec_x64Pcfg.o64P (.bss)
                  8411945c    00000100     bios.a64P : hwi_disp_asm.o64P (.bss)
                  8411955c    000000cc               : biosdata.o64P (.bss)
                  84119628    00000098               : swi.o64P (.bss)
                  841196c0    00000048               : knl.o64P (.bss)
                  84119708    00000040     nettool.lib : httpstr.o64P (.bss)
                  84119748    00000028     video_test.obj (.bss)
                  84119770    00000028     os.lib : mem.o64P (.bss)
                  84119798    00000024     stack.lib : igmp.o64P (.bss)
                  841197bc    00000004     bios.a64P : dev_init.o64P (.bss)
                  841197c0    00000020               : exc_asm.o64P (.bss)
                  841197e0    00000020     audio_bios_drv.lib : psp_audio.obj (.bss)
                  84119800    00000020     helloWorld2.obj (.bss)
                  84119820    00000020     netctrl.lib : netctrl.o64P (.bss)
                  84119840    00000020     hal_eth_dm64lc.lib : dm64lc.obj (.bss)
                  84119860    00000020     utils.a64P : Load.o64P (.bss)
                  84119880    0000001c     main.obj (.bss)
                  8411989c    0000001c     hal_timer_bios.lib : lltimer.o64P (.bss)
                  841198b8    0000001c     os.lib : task.o64P (.bss)
                  841198d4    0000001c     dskt2.a64P : dskt2_scratch.o64P (.bss)
                  841198f0    0000001a     edma3_drv_bios.lib : edma3.obj (.bss)
                  8411990c    00000018     bios.a64P : hook.o64P (.bss)
                  84119924    00000018     lnkrtdx.a64P : rtdx.o64P (.bss)
                  8411993c    00000018     stack.lib : rtable.o64P (.bss)
                  84119954    00000018     audio_video_encdec_x64P.o64P (.bss)
                  8411996c    00000014     bios.a64P : hwi.o64P (.bss)
                  84119980    00000014     speech_test.obj (.bss)
                  84119994    00000010     bios.a64P : exc.o64P (.bss)
                  841199a4    00000010     edma3_drv_sample.lib : bios_edma3_sample_cfg.obj (.bss)
                  841199b4    00000010     mcbsp_bios_drv.lib : llc_mcbsp.obj (.bss)
                  841199c4    00000010     stack.lib : ip.o64P (.bss)
                  841199d4    0000000e     edma3_rm_bios.lib : edma3resmgr.obj (.bss)
                  841199e4    0000000c     bios.a64P : tsk.o64P (.bss)
                  841199f0    0000000c     prev_bios_drv.lib : dda_previewer.obj (.bss)
                  841199fc    0000000c                       : llc_previewer.obj (.bss)
                  84119a08    0000000c     nettool.lib : daemon.o64P (.bss)
                  84119a14    0000000c     stack.lib : exec.o64P (.bss)
                  84119a20    0000000c               : if.o64P (.bss)
                  84119a2c    0000000a     uart485.obj (.bss)
                  84119a38    00000008     bios.a64P : clk_data.o64P (.bss)
                  84119a40    00000008               : sys.o64P (.bss)
                  84119a48    00000008     rtdx64xplus.lib : rtdx_mon.o64P (.bss)
                  84119a50    00000008     edma3_drv_sample.lib : bios_edma3_sample_init.obj (.bss)
                  84119a58    00000008     prev_bios_drv.lib : ddc_previewer.obj (.bss)
                  84119a60    00000008     video_bios_drv.lib : psp_i2c_interface.obj (.bss)
                  84119a68    00000008     os.lib : ossys.o64P (.bss)
                  84119a70    00000008     stack.lib : icmp.o64P (.bss)
                  84119a78    00000008               : timer.o64P (.bss)
                  84119a80    00000008               : ipin.o64P (.bss)
                  84119a88    00000008               : pppoe.o64P (.bss)
                  84119a90    00000008               : tcp.o64P (.bss)
                  84119a98    00000008               : rtc.o64P (.bss)
                  84119aa0    00000008               : lli.o64P (.bss)
                  84119aa8    00000004     bios.a64P : mem_asm.o64P (.bss)
                  84119aac    00000004               : mem_defi.o64P (.bss)
                  84119ab0    00000004               : idl_busy.o64P (.bss)
                  84119ab4    00000004               : knl_star.o64P (.bss)
                  84119ab8    00000004               : clk_data2.o64P (.bss)
                  84119abc    00000004               : tsk_disa.o64P (.bss)
                  84119ac0    00000004     audio_bios_drv.lib : psp_aic23Codec.obj (.bss)
                  84119ac4    00000004     mcasp_bios_drv.lib : dda_mcasp_bios.obj (.bss)
                  84119ac8    00000004     mcbsp_bios_drv.lib : dda_mcbsp_bios.obj (.bss)
                  84119acc    00000004     vpbe_bios_drv.lib : llc_vpbeVenc.obj (.bss)
                  84119ad0    00000004                       : llc_vpbeCursor.obj (.bss)
                  84119ad4    00000004                       : llc_vpbeOsd.obj (.bss)
                  84119ad8    00000004     vpfe_bios_drv.lib : ddc_vpfe.obj (.bss)
                  84119adc    00000004                       : llc_vpfeCcdc.obj (.bss)
                  84119ae0    00000004     SEED_DEC6437Bsl.lib : dm6437_i2c.obj (.bss)
                  84119ae4    00000004                         : dm6437_psc.obj (.bss)
                  84119ae8    00000004     netctrl.lib : netsrv.o64P (.bss)
                  84119aec    00000004     nettool.lib : config.o64P (.bss)
                  84119af0    00000004                 : ipaddr.o64P (.bss)
                  84119af4    00000004                 : httpsend.o64P (.bss)
                  84119af8    00000004     os.lib : pbm.o64P (.bss)
                  84119afc    00000004            : efs.o64P (.bss)
                  84119b00    00000004     stack.lib : ipfrag.o64P (.bss)
                  84119b04    00000004               : bind.o64P (.bss)
                  84119b08    00000004               : node.o64P (.bss)
                  84119b0c    00000004               : sockpcb.o64P (.bss)
                  84119b10    00000004     hal_eth_dm64lc.lib : llpacket.obj (.bss)
                  84119b14    00000004     dman3Cfg.a64P : dman3_initImpl.o64P (.bss)

.sysinit   0    84119b20    00000860     
                  84119b20    000003e0     audio_video_encdec_x64Pcfg.o64P (.sysinit)
                  84119f00    00000100     bios.a64P : dev_init.o64P (.sysinit)
                  8411a000    000000c0               : boot.o64P (.sysinit)
                  8411a0c0    000000c0     biosDM420.a64P : clk_enable64LcTimer.o64P (.sysinit)
                  8411a180    000000a0     bios.a64P : mem_init.o64P (.sysinit)
                  8411a220    00000080               : hook.o64P (.sysinit)
                  8411a2a0    00000060               : tsk_init.o64P (.sysinit)
                  8411a300    00000020               : obj_init.o64P (.sysinit)
                  8411a320    00000020               : gio.o64P (.sysinit)
                  8411a340    00000020     (.T$0032)
                  8411a360    00000020     (.T$0031)

.switch    0    8411a380    00000820     
                  8411a380    000000e4     mcasp_bios_drv.lib : llc_mcasp.obj (.switch)
                  8411a464    000000e0     vpbe_bios_drv.lib : llc_vpbeOsd.obj (.switch)
                  8411a544    000000b8     edma3_drv_bios.lib : edma3.obj (.switch)
                  8411a5fc    0000007c     dskt2.a64P : dskt2_scratch.o64P (.switch)
                  8411a678    00000078     stack.lib : sock.o64P (.switch)
                  8411a6f0    00000060     nettool.lib : telnetd.o64P (.switch)
                  8411a750    0000005c     mcbsp_bios_drv.lib : ddc_mcbsp.obj (.switch)
                  8411a7ac    00000050     mcasp_bios_drv.lib : ddc_mcasp.obj (.switch)
                  8411a7fc    00000040     edma3_rm_bios.lib : edma3resmgr.obj (.switch)
                  8411a83c    00000040     i2c_bios_drv.lib : ddc_i2c.obj (.switch)
                  8411a87c    00000040     stack.lib : tcpprot.o64P (.switch)
                  8411a8bc    0000003c               : lcp.o64P (.switch)
                  8411a8f8    00000038               : icmpin.o64P (.switch)
                  8411a930    00000030     prev_bios_drv.lib : llc_previewer.obj (.switch)
                  8411a960    00000030     stack.lib : ipcp.o64P (.switch)
                  8411a990    0000002c     vpbe_bios_drv.lib : dda_vpbe.obj (.switch)
                  8411a9bc    00000028     edma3_drv_sample.lib : bios_edma3_sample_cs.obj (.switch)
                  8411a9e4    00000028     prev_bios_drv.lib : ddc_previewer.obj (.switch)
                  8411aa0c    00000024     vpfe_bios_drv.lib : dda_vpfe.obj (.switch)
                  8411aa30    00000024                       : ddc_vpfeCcdc.obj (.switch)
                  8411aa54    00000020     vpbe_bios_drv.lib : ddc_vpbeVenc.obj (.switch)
                  8411aa74    00000020     SEED_DEC6437Bsl.lib : dm6437.obj (.switch)
                  8411aa94    0000001c     nettool.lib : dhcpsm.o64P (.switch)
                  8411aab0    0000001c     stack.lib : sockint.o64P (.switch)
                  8411aacc    00000018     prev_bios_drv.lib : dda_previewer.obj (.switch)
                  8411aae4    00000018     stack.lib : ppp.o64P (.switch)
                  8411aafc    00000014     hal_eth_dm64lc.lib : dm64lc_mdio.obj (.switch)
                  8411ab10    00000010     rts64plus.lib : frcdivd.obj (.switch)
                  8411ab20    00000010     i2c_bios_drv.lib : dda_i2cIom.obj (.switch)
                  8411ab30    00000010     mcasp_bios_drv.lib : dda_mcasp_bios.obj (.switch)
                  8411ab40    00000010     mcbsp_bios_drv.lib : dda_mcbsp_bios.obj (.switch)
                  8411ab50    00000010                        : llc_mcbsp.obj (.switch)
                  8411ab60    00000010     vpbe_bios_drv.lib : ddc_vpbeOsd.obj (.switch)
                  8411ab70    00000010     nettool.lib : inetaddr.o64P (.switch)
                  8411ab80    00000010     stack.lib : pppoe.o64P (.switch)
                  8411ab90    00000010               : auth.o64P (.switch)

.log       0    8411aba0    00000060     
                  8411aba0    00000060     audio_video_encdec_x64Pcfg.o64P (.log)

.ti_sdo_ce_osal_LOG_Buffer$buf 
*          0    8411ac00    00000400     UNINITIALIZED
                  8411ac00    00000400     audio_video_encdec_x64Pcfg.o64P (.ti_sdo_ce_osal_LOG_Buffer$buf)

.hwi_vec   0    8411b000    00000200     
                  8411b000    00000200     audio_video_encdec_x64Pcfg.o64P (.hwi_vec)

.rtdx_data 
*          0    8411b200    000004f4     UNINITIALIZED
                  8411b280    00000410     audio_video_encdec_x64Pcfg.o64P (.rtdx_data)
                  8411b690    00000044     rtdx64xplus.lib : rtdx_mon.o64P (.rtdx_data)
                  8411b6d4    00000020                     : buffer1.o64P (.rtdx_data)

.pip       0    8411b6f4    000000c8     UNINITIALIZED
                  8411b6f4    000000c8     audio_video_encdec_x64Pcfg.o64P (.pip)

.devtable 
*          0    8411b7bc    00000090     UNINITIALIZED
                  8411b7bc    00000090     audio_video_encdec_x64Pcfg.o64P (.devtable)

.gblinit   0    8411b84c    00000064     
                  8411b84c    00000064     audio_video_encdec_x64Pcfg.o64P (.gblinit)

.sem       0    8411b8b0    00000058     UNINITIALIZED
                  8411b8b0    00000058     audio_video_encdec_x64Pcfg.o64P (.sem)

.swi       0    8411b908    00000058     UNINITIALIZED
                  8411b908    00000058     audio_video_encdec_x64Pcfg.o64P (.swi)

.sts       0    8411b960    00000050     
                  8411b960    00000050     audio_video_encdec_x64Pcfg.o64P (.sts)

.hst       0    8411b9b0    0000002c     UNINITIALIZED
                  8411b9b0    0000002c     audio_video_encdec_x64Pcfg.o64P (.hst)

.idl       0    8411b9dc    00000028     UNINITIALIZED
                  8411b9dc    00000014     audio_video_encdec_x64Pcfg.o64P (.idl)
                  8411b9f0    00000014     audio_video_encdec_x64Pcfg.o64P (.idlcal)

[...]
840db840   _modf
840db900   _write
840db9c0   __DDA_VPFERegisterIntrHandler
840dba30   __DDA_VPFEUnregisterIntrHandler
840dba60   _qdma_setup
840dbb00   _OEMSysCritOn
840dbb1c   _OEMSysCritOff
840dbb34   _OEMCacheClean
840dbb68   _OEMCacheCleanSynch
840dbba0   _HOSTclose
840dbc40   __divli
840dbce0   __doflush
840dbe20   __fixdli
840dbec0   __fixdu
840dbf60   __fltlid
840dc000   __remu
840dc0a0   _atexit
840dc1e0   _memcpy
840dc280   _renormd
840dc320   _strstr
840dc3c0   _writemsg
840dc444   C$$IO$$
840dc460   _PAL_osProtectEntry
840dc4a0   _PAL_osProtectExit
840dc4e0   _Global_generatedInit
840dc514   _DMAN3_init
840dc538   _DMAN3_CE_init
840dc548   _DMAN3_CE_exit
840dc560   __STATICPOOL_alloc
840dc5e0   __cmpd
840dc660   __fixdi
840dc6e0   __llshl
840dc860   _printf
840dc8e0   _readmsg
840dc960   _unlink
840dc9e0   _EVMDM6437_FLASH_init
840dca40   __llUserLedInit
840dca44   __llUserLedShutdown
840dca48   _LED_ON
840dca5c   _LED_OFF
840dca70   _LED_TOGGLE
840dcaa0   __cvtfd
840dcb00   __fltid
840dcb60   __subcull
840dcbc0   _ceil
840dcc20   _memccpy
840dcc80   _sprintf
840dcce0   _strcpy
840dcd40   _vsnprintf
840dcda0   _PAL_osEvtEnable
840dcdb0   _PAL_osEvtDisable
840dcde0   _llSerialService
840dcde4   _llSerialSendPkt
840dcde8   _llSerialOpenHDLC
840dcdec   _llSerialOpen
840dcdf0   _llSerialHDLCPeerMap
840dcdf4   _llSerialConfig
840dcdf8   _llSerialCloseHDLC
840dce00   _llSerialClose
840dce04   __llSerialShutdown
840dce08   __llSerialServiceCheck
840dce0c   __llSerialSend
840dce14   __llSerialInit
840dce20   _C64P_getltime
840dce34   _C64P_getltime8
840dce60   __call_stub
840dcea0   __fltud
840dcee0   __fltuf
840dcf20   __llshru
840dcf60   __negd
840dcfe0   __remli
840dd020   __strasgi_64plus
840dd060   __subd
840dd0a0   _strlen
840dd0e0   _vsprintf
840dd120   _NatMsg
840dd140   _ACPY3_exit
840dd160   _ACPY3_init
840dd180   __STATICPOOL_free
840dd1a0   __negll
840dd1c0   __nop
840dd260   __pop_rts
840dd280   __push_rts
840dd2a0   __register_lock
840dd2c0   __register_unlock
840dd2e0   _remove
840dd860   GBL_stackbeg
840dd860   _HWI_STKTOP
840dd860   ___etext__
840dd860   __stack
840dd860   etext
840fd858   _HWI_STKBOTTOM
840fd85f   GBL_stackend
840fd860   TSK_idle$stack
840fdbf8   TSK_idle$stkptr
840fdc60   ___c_args__
840fde60   __CIOBUF_
840fdf80   TSK_A_TABBEG
840fdf8c   TSK_idle
840fdf8c   _TSK_idle
840fdfe8   GIO$config
840fdfe8   TSK_A_TABEND
840fdff8   CLK_A_TABBEG
840fdff8   PRD_clock
840fdff8   _PRD_clock
840fdffc   CLK_null
840fe000   CLK_A_TABEND
840fe000   LOG_system$buf
840ff0f4   _RTDX_Init_RT_Monitor
840ff144   _RTDX_Final_RT_Monitor
840ff244   _RTDX_Poll
840ff3f8   _HSRTDX_rec
840ff5a0   _RTDX_Mon_Queue
840ff658   _HSRTDX_xmt
840ff778   _RTDX_IsFlowEnabled
840ff7a0   _RTDX_Buffer_Initialize
840ffa6c   _RTDX_Buffer_Write
840ffc00   _RTDX_Buffer_Read
840ffc60   _RTDX_Mask_IER
840ffc78   _RTDX_Set_IER
840ffca0   _RTDX_memfill
840ffd00   _SYS_PUTCBEG
840ffeff   _SYS_PUTCEND
840fff00   RTA_toHost$buf
84100000   DVTEvent_Log$buf
84108000   trace$buf
8410c100   _SYS_vsprintf
8410c534   _SYS_vprintf
8410c544   _SYS_sprintf
8410c570   _SYS_printf
8410c5c0   LNK_F_checkBufferCall
8410c5e0   LNK_F_getChanPtr
8410c638   LNK_F_init
8410c640   LNK_F_dataPump
8410c650   LNK_rcloop
8410c714   LNK_rdrtry
8410c724   LNK_rrloop
8410c7e4   LNK_wrrtry
8410c7f0   LNK_wrloop
8410c8c0   LNK_newin
8410c9f4   LNK_newout
8410cb48   LNK_F_readCallBack
8410cb80   _EXC_nmi
8410cbb4   _EXC_internal
8410ce60   _EXC_init
8410cea0   _EXC_getLastStatus
8410cec0   _EXC_external
8410cef4   _EXC_exceptionHandler
8410d070   _EXC_clearLastStatus
8410d0a0   CLK_HOOKFXN
8410d0a0   HWI_F_dispatch
8410d0a0   _HWI_F_dispatch
8410d0a0   __HWI_lat1beg
8410d220   __HWI_lat1end
8410d220   __HWI_lat2beg
8410d380   __HWI_lat2end2
8410d3b0   __HWI_lat3end2
8410d3f0   __HWI_lat2end1
8410d408   __HWI_lat3beg
8410d560   SWI_F_enable
8410d560   __SWI_lat3beg
8410d5cc   __SWI_lat3end
8410d5d0   SWI_F_post
8410d5d0   _SWI_post
8410d6d8   __SWI_lat1beg
8410d744   SWI_EXECFXN
8410d744   SWI_F_exec
8410d76c   SWI_F_iexec
8410d784   __SWI_lat1end
8410d788   __SWI_lat2beg
8410d7e8   __SWI_lat2end
8410d7ec   SWI_F_run
8410d7ec   SWI_RUNFXN
8410da00   PRD_F_swi
8410dc80   PRD_F_tick
8410dd60   _TSK_create
8410e0a0   _GIO_create
8410e340   _free
8410e368   _malloc
8410e3cc   _realloc
8410e498   _memalign
8410e578   _calloc
8410e5e0   RTA_F_getlog
8410e618   RTA_F_getsts
8410e658   RTA_F_readblk
8410e674   RTA_F_writeword
8410e680   RTA_F_resetmem
8410e680   __RTA_lat1beg
8410e6b4   __RTA_lat1end
8410e6c0   RTA_F_dispatch
8410e70c   RTA_execute
8410e860   _MEM_define
8410eaa0   _KNL_run
8410ece0   _MEM_redefine
8410ef00   _SEM_pendEnterKnl
8410f100   __HOOK_doSwitch
8410f184   __HOOK_doReady
8410f200   TSK_VEXITFXN
8410f200   __HOOK_doExit
8410f24c   TSK_VDELETEFXN
8410f24c   __HOOK_doDelete
8410f2a0   TSK_VCREATEFXN
8410f2a0   __HOOK_doCreate
8410f4cc   PRD_THOOKFXN
8410f4cc   _KNL_tick
8410f4e0   _C62_plug
8410f4e0   _C64_plug
8410f4e8   _C62_dispatchPlug
8410f4e8   _C64_dispatchPlug
8410f6c0   _EXC_dispatch
8410f884   _EXC_setReturnPtr
8410f8a0   PIP_F_take
8410f918   PIP_F_give
8410f918   PIP_F_probe
8410f9e8   PIP_F_start
8410fa80   _MEM_alloc
8410fc60   __SEM_dopost
8410ff50   _TSK_setpri
8410ffe0   _TSK_delete
841101a0   _GIO_submit
841104d0   _BCACHE_wbInv
841104e4   _BCACHE_wb
841104f4   _BCACHE_inv
84110520   _MEM_free
841106e0   _TSK_setup
84110880   CLK_F_getltime
84110890   CLK_F_isr
841109d0   CLK_F_itime
841109d0   _CLK_F_itime
841109d0   _CLK_itime
841109f0   __CLK_lat1beg
84110a10   __CLK_lat1end
84110a20   _KNL_saveIsrFrame
84110acc   _KNL_switch
84110b78   KNL_glue
84110ba0   _MEM_stat
84110ce0   __auto_init
84110e20   _KNL_ready
84110f60   _TSK_exit
841110a0   _BCACHE_setSize
841110e4   _BCACHE_setMar
84111134   _BCACHE_bootInit
84111134   _BCACHE_setCacheToSram
84111164   _BCACHE_getSize
841111b4   _BCACHE_getMar
841111e0   _KNL_check
8411122c   __KNL_lat1beg
841112a8   _KNL_idle
841112a8   __KNL_lat1end
841112d0   _KNL_max
84111364   _GBL_cacheInit64P
84111420   _MEM_undefine
84111540   _GIO_delete
841116a8   _TSK_startup
84111740   _ECM_dispatch
84111840   GIO_POSTFXN
84111840   _SEM_post
84111840   _SEM_postBinary
84111920   _KNL_exit
84111960   _KNL_enter
841119e0   _DEV_match
84111aa0   _KNL_start
84111b40   _SYS_exit
84111be0   _SEM_postEnterKnl
84111c80   LOG_F_event
84111c80   _LOG_event
84111c80   __LOG_lat1beg
84111d20   _ATM_andi
84111d20   _ATM_andu
84111d30   _ATM_cleari
84111d30   _ATM_clearu
84111d40   _ATM_deci
84111d40   _ATM_decu
84111d50   _ATM_inci
84111d50   _ATM_incu
84111d64   _ATM_ori
84111d64   _ATM_oru
84111d74   _ATM_seti
84111d74   _ATM_setu
84111da0   _OBJ_create
84111e20   _HWI_dispatchPlug
84111ea0   _HWI_eventMap
84111f20   _LCK_post
84111f40   _LCK_pend
84111fa0   _KNL_ipost
84112020   _TSK_enable
84112044   _TSK_disable
841120a0   _KNL_post
84112120   __GIO_iomCallback
841121a0   GIO_CREATEFXN
841121a0   _SEM_create
84112220   IDL_F_calibrate
841122ec   _BCACHE_wbInvAll
84112300   _BCACHE_wbAll
84112310   _BCACHE_invL1pAll
84112320   _BCACHE_wait
841123a0   IDL_F_busy
841123a0   __IDL_lat1beg
841123e0   __IDL_lat1end
84112400   FXN_F_nop
84112404   FXN_F_run
84112404   _FXN_F_run
84112440   FXN_F_zero
84112440   _FXN_F_zero
84112460   STS_F_delta
84112460   _STS_delta
84112478   STS_F_add
84112478   _STS_add
84112498   STS_F_reset
84112498   _STS_reset
841124c0   GIO_PENDFXN
841124c0   _SEM_pend
84112520   _OBJ_delete
84112580   _HWI_disable
84112598   _HWI_enable
841125ac   _HWI_restore
841125e0   _SYS_abort
84112640   _ECM_dispatchPlug
841126a0   SYS_PUTCFXN
841126a0   _UTL_doPutc
84112700   _CLK_measure
84112760   _SYS_error
841127c0   _MEM_valloc
84112820   _ECM_disableEvent
84112860   IDL_CALIBRFXN
84112860   IDL_F_stub
841128a0   _QUE_get
841128a0   __QUE_lat1beg
841128c0   __QUE_lat1end
841128c8   _QUE_put
841128c8   __QUE_lat2beg
841128d4   __QUE_lat2end
841128e0   SYS_ABORTFXN
841128e0   _UTL_doAbort
84112920   RTA_F_andn
84112938   RTA_F_or
84112960   _ECM_enableEvent
841129a0   _C62_disableIER
841129a0   _C64_disableIER
841129b8   _C62_enableIER
841129b8   _C64_enableIER
841129cc   _C62_clearIFR
841129cc   _C64_clearIFR
841129e0   GIO_DELETEFXN
841129e0   _SEM_delete
84112a00   _SWI_self
84112a20   _STS_set
84112a40   _GIO_control
84112a60   IDL_F_loop
84112a60   _IDL_loop
84112a80   SYS_ERRORFXN
84112a80   _UTL_doError
84112aa0   _GBL_getVersion
84112ac0   _CLK_getltime
84112ae0   _CLK_getprd
84112b00   _LOG_printf
84112b20   _HOOK_setenv
84112b40   SYS_EXITFXN
84112b40   _UTL_halt
84112b60   _FXN_F_nop
84112b80   _CLK_countspms
84112ba0   _HOOK_getenv
84112bc0   CLK_F_gethtime
84112bc0   CLK_TIMEFXN
84112bc0   _CLK_gethtime
84112ca0   ___cinit__
84112ca0   cinit
84117388   __ctypes_
84118118   _Code2Err
84118b10   _STATICPOOL_FXNS
84118fe6   prdNdk$sts$maxfmt
84118fe8   $bss
84118fe8   .bss
84118fe8   _MEM_memtab
84118fe8   ___bss__
84118fef   prdNdk$sts$sumfmt
84118ff8   prdNdk$sts$avgfmt
84119000   _ECM_dispatchTab
84119003   KNL_swi$sts$maxfmt
8411900b   KNL_swi$sts$sumfmt
84119013   KNL_swi$sts$avgfmt
8411901d   PRD_swi$sts$maxfmt
84119025   PRD_swi$sts$sumfmt
8411902d   PRD_swi$sts$avgfmt
84119037   TSK_idle$sts$maxfmt
8411903f   TSK_idle$sts$sumfmt
84119047   TSK_idle$sts$avgfmt
84119051   IDL_busyObj$maxfmt
84119054   IDL_busyObj$sumfmt
84119057   IDL_busyObj$avgfmt
84119400   _GIO
84119404   DDR2
84119404   HST_DSMBUFSEG
84119404   MEM_MALLOCSEG
84119404   MEM_SEGZERO
84119404   RTDX_DATAMEMSEG
84119404   TSK_STACKSEG
84119404   _DDR2
84119404   _Memory_SEGID
84119404   __DSKT2_HEAP
84119404   __DSKT_EPROG
84119404   __DSKT_ESDATA
84119408   L1DSRAM
84119408   _L1DHEAP
84119408   _L1DSRAM
84119408   __DSKT_DARAM0
84119408   __DSKT_DARAM1
84119408   __DSKT_DARAM2
84119408   __DSKT_IPROG
84119408   __DSKT_SARAM0
84119408   __DSKT_SARAM1
84119408   __DSKT_SARAM2
8411940c   RTA_fromHost$pipe$dtab
84119418   RTA_toHost$pipe$dtab
84119424   _DEV_devinit
84119428   __DEV_NUMINITFXNS
8411942c   __HOOK_initFxnTable
84119434   __HOOK_createFxnTable
8411943c   __HOOK_deleteFxnTable
84119444   __HOOK_exitFxnTable
8411944c   __HOOK_readyFxnTable
84119454   __HOOK_switchFxnTable
8411945c   _HWI_dispatchTab
8411955c   IDL_D_tabbeg
84119560   IDL_D_calibrate
84119564   IDL_D_calbeg
84119568   LOG_D_system
84119568   _LOG_D_system
8411956c   PIP_D_tabbeg
84119570   PIP_D_tablen
84119574   CLK_R_time
84119578   CLK_D_timefxn
8411957c   CLK_D_tabbeg
84119580   CLK_D_isrhook
84119584   CLK_D_idletime
84119588   _CLK_htimeDiv
8411958c   _CLK_htimeMult
84119590   _CLK_ltimeDiv
84119594   _CLK_ltimeMult
84119598   _CLK_D_dirty
8411959c   _CLK_D_prd
841195a0   _CLK_D_tddr
841195a4   _CLK_D_countspms
841195a8   PRD_D_tick
841195a8   _PRD_D_tick
841195ac   PRD_D_cur
841195b0   PRD_D_elapsed
841195b4   PRD_D_prevtim
841195b8   PRD_D_scalar
841195bc   PRD_D_swihandle
841195c0   PRD_D_tabbeg
841195c4   PRD_D_tablen
841195c8   PRD_D_thook
841195cc   RTA_D_fromHost
841195d0   RTA_D_toHost
841195d4   RTA_D_logval
841195e4   RTA_D_stsval
841195f0   HST_D_chanmask
841195f4   HST_D_tabbeg
841195f8   HST_D_tabend
841195fc   _GBL_procId
84119600   _GBL_clkIn
84119604   _GBL_freq
84119608   _MEM_D_NUMSEGMENTS
8411960c   _MEM_D_memtab
84119610   _MEM_D_freelist
84119614   _MEM_D_lockaddr
84119618   _MEM_D_unlockaddr
8411961c   _SYS
84119620   __HOOK_knlId
84119624   __HOOK_NUMHOOKS
84119628   SWI_D_runaddr
84119628   _SWI_D_runaddr
84119628   _SWI_data
8411962c   SWI_D_execaddr
8411962c   _SWI_D_execaddr
84119630   SWI_D_curmask
84119630   _SWI_D_curmask
84119634   SWI_D_curset
84119634   _SWI_D_curset
84119638   SWI_D_lock
84119638   _SWI_D_lock
8411963c   SWI_D_curmbox
84119640   SWI_D_curfxn
84119640   _SWI_D_curfxn
84119644   SWI_D_rdybeg
84119644   _SWI_D_rdybeg
84119648   SWI_D_rdytab
841196c0   _KNL_wFlag
841196c4   _KNL_wList
841196c8   _KNL_alarm
841196cc   _KNL_setpri
841196d0   _KNL_inactive
841196d4   _KNL_priority
841196d8   _KNL_set
841196dc   _KNL_curtask
841196e0   _KNL_prevtask
841196e4   _KNL_curtime
841196e8   _KNL_swiptr
841196ec   _KNL_curqueue
841196f0   _KNL_maxqueue
841196f4   _KNL_tswitchfxn
841196f8   _KNL_tcreatefxn
841196fc   _KNL_tdeletefxn
84119700   _KNL_treadyfxn
84119704   _KNL_idlefxn
84119708   _CONTENT_TYPE_APPLET
8411970c   _CONTENT_TYPE_AU
84119710   _CONTENT_TYPE_DOC
84119714   _CONTENT_TYPE_GIF
84119718   _CONTENT_TYPE_HTML
8411971c   _CONTENT_TYPE_JPG
84119720   _CONTENT_TYPE_MPEG
84119724   _CONTENT_TYPE_PDF
84119728   _CONTENT_TYPE_WAV
8411972c   _CONTENT_TYPE_ZIP
84119730   _CONTENT_TYPE
84119734   _CONTENT_LENGTH
84119738   _CRLF
8411973c   _DEFAULT_NAME
84119740   _HTTP_VER
84119744   _SPACE
84119770   _PITCount
84119774   _PITUsed
84119778   _PITHigh
841197a0   __IGMPForceVersion1
841197a4   __IGMPInDiscard
841197a8   __IGMPInQuery
841197ac   __IGMPInQueryGroup
841197b0   __IGMPInResponse
841197b4   __IGMPOutResponse
841197bc   __DEV_D_NUMINITFXNS
841197c0   _EXC_sysTrapTable
841197c8   _EXC_returnPtr
84119800   _VerStr
84119804   _HostName
84119808   _LocalIPAddr
8411980c   _LocalIPMask
84119810   _GatewayIP
84119814   _DomainName
84119818   _DNSServer
84119840   _DM64LCEMAC_FatalError
8411985c   _ethernetRxCount
84119894   _uart1
84119898   _cnt
841198b8   __TaskFlagLowResource
841198d4   __DSKT2_memTabList
841198d8   __DSKT2_activeAlg
841198dc   __DSKT2_lastActiveAlg
841198e0   __DSKT2_scratchShareRefCount
841198e4   __DSKT2_heapId
841198e8   __DSKT2_createCallbackFxn
8411990c   __HOOK_switchFxnTablePtr
84119910   __HOOK_readyFxnTablePtr
84119914   __HOOK_initFxnTablePtr
84119918   __HOOK_createFxnTablePtr
8411991c   __HOOK_deleteFxnTablePtr
84119920   __HOOK_exitFxnTablePtr
84119924   LNK_dspFrameRequestMask
84119924   _LNK_dspFrameRequestMask
84119928   LNK_dspFrameReadyMask
84119928   _LNK_dspFrameReadyMask
8411992c   LNK_readPend
8411992c   _LNK_readPend
84119930   LNK_readDone
84119930   _LNK_readDone
84119934   LNK_readFail
84119934   _LNK_readFail
84119938   LNK_writeFail
84119938   _LNK_writeFail
84119954   _ti_sdo_ce_dvtLog
84119958   _Memory_numHeaps
8411995c   _GT
84119960   _Global_traceBufferSize
84119964   _DSKT2_cacheWBInvFxn
84119968   __DSKT2_ALLOW_EXTERNAL_SCRATCH
8411996c   HWI_D_spsave
8411996c   _HWI_D_spsave
8411996c   _HWI_data
84119978   HWI_D_bss
8411997c   HWI_D_ccmask
84119980   _rxDone
84119984   _txDone
84119988   _inChan
8411998c   _outChan
84119990   _seed
84119994   _EXC_exceptionHook
84119998   _EXC_internalHook
8411999c   _EXC_externalHook
841199a0   _EXC_nmiHook
841199a4   _numEdma3EvtQue
841199a8   _numEdma3Tc
841199ac   _ccXferCompInt
841199b0   _ccErrorInt
841199c4   __IPExecuting
841199dc   _edma3NumPaRAMSets
841199e4   _TSK_nTasks
841199e8   _TSK_pid
841199ec   _TSK
841199f0   _ddaPrevInterruptMapInfo
841199f4   _ddaPrevInterruptMapRequired
841199f8   _ddaPrevSegId
841199fc   _prevRegs
84119a00   _vpssRegs
84119a04   _llcPrevDebugErrorStatus
84119a38   _CLK_DFLTMICROSECS
84119a3c   _CLK_D_microseconds
84119a40   _SYS_exitStackPtr
84119a44   _SYS_exitStackTop
84119a48   _rtdxXmtNotDoneCnt
84119a4c   _rtdxRecNotDoneCnt
84119a50   _hEdma
84119a58   _prevDebugErrorTraceIndex
84119a5c   _prevDebugTraceIndex
84119a68   _DebugLogSize
84119a6c   _DebugCritError
84119a70   __ICMPInErrors
84119a74   __ICMPOutErrors
84119a90   _tcp_iss
84119a94   _ptTimeFirst
84119aa8   _MEM
84119aac   _MEM_staticMemtab
84119ab0   IDL_D_busyObj
84119ab8   _CLK_htimePerLtime
84119ae0   _i2c_timeout
84119af4   _httpErrorResponseHook
84119b00   __IPReasmPtr
84119b18   ___end__
84119b18   end
84119b20   BIOS_init
84119b20   _BIOS_init
84119cb8   BIOS$$CLKON
84119cf8   BIOS$$CLKOFF
84119dc8   BIOS_start
84119dc8   _BIOS_start
84119f00   _DEV_init
8411a000   _c_int00
8411a0c0   _CLK_enableTimer
8411a180   _MEM_init
8411a220   __HOOK_doInit
8411a2a0   _TSK_init
8411a300   _OBJ_init
8411a320   _GIO_init
8411aba0   LOG_A_TABBEG
8411aba0   LOG_system
8411aba0   _LOG_A_TABBEG
8411aba0   _LOG_system
8411abb8   _trace
8411abb8   trace
8411abd0   DVTEvent_Log
8411abd0   _DVTEvent_Log
8411abe8   _ti_sdo_ce_osal_LOG_Buffer
8411abe8   ti_sdo_ce_osal_LOG_Buffer
8411ac00   LOG_A_TABEND
8411ac00   _LOG_A_TABEND
8411ac00   ti_sdo_ce_osal_LOG_Buffer$buf
8411b000   HWI_A_VECS
8411b000   hwi0
8411b020   hwi1
8411b040   hwi2
8411b060   hwi3
8411b080   hwi4
8411b0a0   hwi5
8411b0c0   hwi6
8411b0e0   hwi7
8411b100   hwi8
8411b120   hwi9
8411b140   hwi10
8411b160   hwi11
8411b180   hwi12
8411b1a0   hwi13
8411b1c0   hwi14
8411b1e0   hwi15
8411b280   _RTDX_Buffer
8411b688   _RTDX_Buffer_Start
8411b68c   _RTDX_Buffer_End
8411b690   _rtdx_mon_state
8411b6d4   _rtdx_buffer_state
8411b6e0   _RTDX_writing
8411b6f4   PIP_A_TABBEG
8411b6f4   RTA_fromHost$pipe
8411b6f4   _PIP_A_TABBEG
8411b6f8   RTA_fromHost$pipe$rd
8411b724   RTA_fromHost$pipe$aaa
8411b728   RTA_fromHost$pipe$wr
8411b754   RTA_fromHost$pipe$bbb
8411b758   RTA_toHost$pipe
8411b75c   RTA_toHost$pipe$rd
8411b788   RTA_toHost$pipe$aaa
8411b78c   RTA_toHost$pipe$wr
8411b7b8   RTA_toHost$pipe$bbb
8411b7bc   PIP_A_TABEND
8411b7bc   UDEV_udevCodec$obj
8411b7bc   _PIP_A_TABEND
8411b7c8   UDEV_udevCodec$device
8411b7e0   UDEV_VPBE0$obj
8411b7ec   UDEV_VPBE0$device
8411b804   UDEV_VPFE0$obj
8411b810   UDEV_VPFE0$device
8411b828   UDEV_I2C0$obj
8411b834   UDEV_I2C0$device
8411b8bc   _semRx
8411b8bc   semRx
8411b8e8   _semTx
8411b8e8   semTx
8411b908   KNL_swi
8411b908   SWI_A_TABBEG
8411b908   _KNL_swi
8411b934   PRD_SWIHANDLE
8411b934   PRD_swi
8411b934   _PRD_swi
8411b960   STS_A_TABBEG
8411b960   SWI_A_TABEND
8411b960   _STS_A_TABBEG
8411b960   prdNdk$sts$stsobj
8411b964   prdNdk$sts
8411b970   KNL_swi$sts$stsobj
8411b974   KNL_swi$sts
8411b980   PRD_swi$sts$stsobj
8411b984   PRD_swi$sts
8411b990   TSK_idle$sts$stsobj
8411b994   TSK_idle$sts
8411b9a0   IDL_busyObj$stsobj
8411b9a4   IDL_busyObj
8411b9a4   _IDL_busyObj
8411b9b0   HST_A_TABBEG
8411b9b0   STS_A_TABEND
8411b9b0   _HST_A_TABBEG
8411b9b0   _STS_A_TABEND
8411b9b4   RTA_fromHost
8411b9b4   _RTA_fromHost
8411b9bc   RTA_fromHost$rtdx
8411b9c8   RTA_toHost
8411b9c8   _RTA_toHost
8411b9d0   RTA_toHost$rtdx
8411b9dc   HST_A_TABEND
8411b9dc   IDL_A_TABBEG
8411b9dc   IDL_cpuLoad
8411b9dc   _HST_A_TABEND
8411b9dc   _IDL_cpuLoad
8411b9e0   LNK_dataPump
8411b9e0   _LNK_dataPump
8411b9e4   RTA_dispatcher
8411b9e4   _RTA_dispatcher
8411b9e8   _cpuloadIdlObj
8411b9e8   cpuloadIdlObj
8411b9ec   IDL_END
8411b9f0   IDL_A_CALBEG
8411b9f0   IDL_A_TABEND
8411b9f0   IDL_cpuLoad$
8411b9f4   LNK_dataPump$
8411b9f8   RTA_dispatcher$
8411b9fc   cpuloadIdlObj$
8411ba00   IDL_END$
8411ba04   IDL_A_CALEND
8411ba04   PRD_A_TABBEG
8411ba04   _prdNdk
8411ba04   prdNdk
8411ba20   prdNdk$aaa
8411ba24   PRD_A_TABEND
8411ba24   RTA_fromHost$buf
8411ba34   SYS$config
8411ba44   ___pinit__
8411ba44   pinit
8411ba50   TRC_cinit
8411ba54   TRC_R_mask
8411ba54   _TRC_R_mask
8411ba58   GBL_initdone
ffffffff   BootLoader
ffffffff   CACHE_L1D
ffffffff   CACHE_L1P
ffffffff   CACHE_L2
ffffffff   ECM_EVTMASK0
ffffffff   ECM_EVTMASK1
ffffffff   ECM_EVTMASK2
ffffffff   ECM_EVTMASK3
ffffffff   SRAM
ffffffff   _BootLoader
ffffffff   _CACHE_L1D
ffffffff   _CACHE_L1P
ffffffff   _CACHE_L2
ffffffff   _SRAM
ffffffff   ___binit__
ffffffff   binit

[2466 symbols]
